Archive member included to satisfy reference by file (symbol)

c:/program files (x86)/atollic/truestudio for stm32 9.1.1/armtools/bin/../lib/gcc/arm-atollic-eabi/6.3.1/../../../../arm-atollic-eabi/lib/armv7e-m/fpu\libstdc++_nano.a(del_op.o)
                              ClassObjects\MAteeqEmulatedEEPROM.o (operator delete(void*))
c:/program files (x86)/atollic/truestudio for stm32 9.1.1/armtools/bin/../lib/gcc/arm-atollic-eabi/6.3.1/../../../../arm-atollic-eabi/lib/armv7e-m/fpu\libstdc++_nano.a(new_op.o)
                              Src\main.o (operator new(unsigned int))
c:/program files (x86)/atollic/truestudio for stm32 9.1.1/armtools/bin/../lib/gcc/arm-atollic-eabi/6.3.1/../../../../arm-atollic-eabi/lib/armv7e-m/fpu\libstdc++_nano.a(eh_arm.o)
                              Src\main.o (__cxa_end_cleanup)
c:/program files (x86)/atollic/truestudio for stm32 9.1.1/armtools/bin/../lib/gcc/arm-atollic-eabi/6.3.1/../../../../arm-atollic-eabi/lib/armv7e-m/fpu\libstdc++_nano.a(eh_personality.o)
                              Src\main.o (__gxx_personality_v0)
c:/program files (x86)/atollic/truestudio for stm32 9.1.1/armtools/bin/../lib/gcc/arm-atollic-eabi/6.3.1/../../../../arm-atollic-eabi/lib/armv7e-m/fpu\libstdc++_nano.a(new_handler.o)
                              c:/program files (x86)/atollic/truestudio for stm32 9.1.1/armtools/bin/../lib/gcc/arm-atollic-eabi/6.3.1/../../../../arm-atollic-eabi/lib/armv7e-m/fpu\libstdc++_nano.a(new_op.o) (std::get_new_handler())
c:/program files (x86)/atollic/truestudio for stm32 9.1.1/armtools/bin/../lib/gcc/arm-atollic-eabi/6.3.1/../../../../arm-atollic-eabi/lib/armv7e-m/fpu\libstdc++_nano.a(class_type_info.o)
                              ClassObjects\MAteeqEmulatedEEPROM.o (vtable for __cxxabiv1::__class_type_info)
c:/program files (x86)/atollic/truestudio for stm32 9.1.1/armtools/bin/../lib/gcc/arm-atollic-eabi/6.3.1/../../../../arm-atollic-eabi/lib/armv7e-m/fpu\libstdc++_nano.a(tinfo.o)
                              c:/program files (x86)/atollic/truestudio for stm32 9.1.1/armtools/bin/../lib/gcc/arm-atollic-eabi/6.3.1/../../../../arm-atollic-eabi/lib/armv7e-m/fpu\libstdc++_nano.a(class_type_info.o) (std::type_info::~type_info())
c:/program files (x86)/atollic/truestudio for stm32 9.1.1/armtools/bin/../lib/gcc/arm-atollic-eabi/6.3.1/../../../../arm-atollic-eabi/lib/armv7e-m/fpu\libstdc++_nano.a(eh_exception.o)
                              c:/program files (x86)/atollic/truestudio for stm32 9.1.1/armtools/bin/../lib/gcc/arm-atollic-eabi/6.3.1/../../../../arm-atollic-eabi/lib/armv7e-m/fpu\libstdc++_nano.a(eh_arm.o) (typeinfo for __cxxabiv1::__forced_unwind)
c:/program files (x86)/atollic/truestudio for stm32 9.1.1/armtools/bin/../lib/gcc/arm-atollic-eabi/6.3.1/../../../../arm-atollic-eabi/lib/armv7e-m/fpu\libstdc++_nano.a(si_class_type_info.o)
                              c:/program files (x86)/atollic/truestudio for stm32 9.1.1/armtools/bin/../lib/gcc/arm-atollic-eabi/6.3.1/../../../../arm-atollic-eabi/lib/armv7e-m/fpu\libstdc++_nano.a(class_type_info.o) (vtable for __cxxabiv1::__si_class_type_info)
c:/program files (x86)/atollic/truestudio for stm32 9.1.1/armtools/bin/../lib/gcc/arm-atollic-eabi/6.3.1/../../../../arm-atollic-eabi/lib/armv7e-m/fpu\libstdc++_nano.a(eh_call.o)
                              c:/program files (x86)/atollic/truestudio for stm32 9.1.1/armtools/bin/../lib/gcc/arm-atollic-eabi/6.3.1/../../../../arm-atollic-eabi/lib/armv7e-m/fpu\libstdc++_nano.a(eh_personality.o) (__cxa_call_terminate)
c:/program files (x86)/atollic/truestudio for stm32 9.1.1/armtools/bin/../lib/gcc/arm-atollic-eabi/6.3.1/../../../../arm-atollic-eabi/lib/armv7e-m/fpu\libstdc++_nano.a(pure.o)
                              c:/program files (x86)/atollic/truestudio for stm32 9.1.1/armtools/bin/../lib/gcc/arm-atollic-eabi/6.3.1/../../../../arm-atollic-eabi/lib/armv7e-m/fpu\libstdc++_nano.a(eh_exception.o) (__cxa_pure_virtual)
c:/program files (x86)/atollic/truestudio for stm32 9.1.1/armtools/bin/../lib/gcc/arm-atollic-eabi/6.3.1/../../../../arm-atollic-eabi/lib/armv7e-m/fpu\libstdc++_nano.a(eh_catch.o)
                              c:/program files (x86)/atollic/truestudio for stm32 9.1.1/armtools/bin/../lib/gcc/arm-atollic-eabi/6.3.1/../../../../arm-atollic-eabi/lib/armv7e-m/fpu\libstdc++_nano.a(eh_call.o) (__cxa_begin_catch)
c:/program files (x86)/atollic/truestudio for stm32 9.1.1/armtools/bin/../lib/gcc/arm-atollic-eabi/6.3.1/../../../../arm-atollic-eabi/lib/armv7e-m/fpu\libstdc++_nano.a(eh_terminate.o)
                              c:/program files (x86)/atollic/truestudio for stm32 9.1.1/armtools/bin/../lib/gcc/arm-atollic-eabi/6.3.1/../../../../arm-atollic-eabi/lib/armv7e-m/fpu\libstdc++_nano.a(eh_call.o) (__cxxabiv1::__terminate(void (*)()))
c:/program files (x86)/atollic/truestudio for stm32 9.1.1/armtools/bin/../lib/gcc/arm-atollic-eabi/6.3.1/../../../../arm-atollic-eabi/lib/armv7e-m/fpu\libstdc++_nano.a(eh_globals.o)
[...]
Memory Configuration

Name             Origin             Length             Attributes
RAM              0x20000000         0x00018000         xrw
FLASH            0x08000000         0x00080000         xr
*default*        0x00000000         0xffffffff

Linker script and memory map

LOAD c:/program files (x86)/atollic/truestudio for stm32 9.1.1/armtools/bin/../lib/gcc/arm-atollic-eabi/6.3.1/armv7e-m/fpu/crti.o
LOAD c:/program files (x86)/atollic/truestudio for stm32 9.1.1/armtools/bin/../lib/gcc/arm-atollic-eabi/6.3.1/armv7e-m/fpu/crtbegin.o
LOAD ClassObjects\MAteeqEmulatedEEPROM.o
LOAD Drivers\STM32F4xx_HAL_Driver\Src\stm32f4xx_hal.o
LOAD Drivers\STM32F4xx_HAL_Driver\Src\stm32f4xx_hal_cortex.o
LOAD Drivers\STM32F4xx_HAL_Driver\Src\stm32f4xx_hal_dma.o
LOAD Drivers\STM32F4xx_HAL_Driver\Src\stm32f4xx_hal_dma_ex.o
LOAD Drivers\STM32F4xx_HAL_Driver\Src\stm32f4xx_hal_flash.o
LOAD Drivers\STM32F4xx_HAL_Driver\Src\stm32f4xx_hal_flash_ex.o
LOAD Drivers\STM32F4xx_HAL_Driver\Src\stm32f4xx_hal_flash_ramfunc.o
LOAD Drivers\STM32F4xx_HAL_Driver\Src\stm32f4xx_hal_gpio.o
LOAD Drivers\STM32F4xx_HAL_Driver\Src\stm32f4xx_hal_pwr.o
LOAD Drivers\STM32F4xx_HAL_Driver\Src\stm32f4xx_hal_pwr_ex.o
LOAD Drivers\STM32F4xx_HAL_Driver\Src\stm32f4xx_hal_rcc.o
LOAD Drivers\STM32F4xx_HAL_Driver\Src\stm32f4xx_hal_rcc_ex.o
LOAD Drivers\STM32F4xx_HAL_Driver\Src\stm32f4xx_hal_tim.o
LOAD Drivers\STM32F4xx_HAL_Driver\Src\stm32f4xx_hal_tim_ex.o
LOAD Src\main.o
LOAD Src\stm32f4xx_hal_msp.o
LOAD Src\stm32f4xx_it.o
LOAD Src\system_stm32f4xx.o
LOAD startup\startup_stm32f401xe.o
                0x00001000                malloc_getpagesize_P = 0x1000
START GROUP
LOAD c:/program files (x86)/atollic/truestudio for stm32 9.1.1/armtools/bin/../lib/gcc/arm-atollic-eabi/6.3.1/../../../../arm-atollic-eabi/lib/armv7e-m/fpu\libstdc++_nano.a
LOAD c:/program files (x86)/atollic/truestudio for stm32 9.1.1/armtools/bin/../lib/gcc/arm-atollic-eabi/6.3.1/../../../../arm-atollic-eabi/lib/armv7e-m/fpu\libsupc++_nano.a
END GROUP
LOAD c:/program files (x86)/atollic/truestudio for stm32 9.1.1/armtools/bin/../lib/gcc/arm-atollic-eabi/6.3.1/../../../../arm-atollic-eabi/lib/armv7e-m/fpu\libstdc++_nano.a
LOAD c:/program files (x86)/atollic/truestudio for stm32 9.1.1/armtools/bin/../lib/gcc/arm-atollic-eabi/6.3.1/../../../../arm-atollic-eabi/lib/armv7e-m/fpu\libm.a
LOAD c:/program files (x86)/atollic/truestudio for stm32 9.1.1/armtools/bin/../lib/gcc/arm-atollic-eabi/6.3.1/../../../../arm-atollic-eabi/lib/armv7e-m/fpu\libc_nano.a
START GROUP
LOAD c:/program files (x86)/atollic/truestudio for stm32 9.1.1/armtools/bin/../lib/gcc/arm-atollic-eabi/6.3.1/armv7e-m/fpu\libgcc.a
LOAD c:/program files (x86)/atollic/truestudio for stm32 9.1.1/armtools/bin/../lib/gcc/arm-atollic-eabi/6.3.1/../../../../arm-atollic-eabi/lib/armv7e-m/fpu\libc_nano.a
END GROUP
START GROUP
LOAD c:/program files (x86)/atollic/truestudio for stm32 9.1.1/armtools/bin/../lib/gcc/arm-atollic-eabi/6.3.1/armv7e-m/fpu\libgcc.a
LOAD c:/program files (x86)/atollic/truestudio for stm32 9.1.1/armtools/bin/../lib/gcc/arm-atollic-eabi/6.3.1/../../../../arm-atollic-eabi/lib/armv7e-m/fpu\libc_nano.a
LOAD c:/program files (x86)/atollic/truestudio for stm32 9.1.1/armtools/bin/../lib/gcc/arm-atollic-eabi/6.3.1/../../../../arm-atollic-eabi/lib/armv7e-m/fpu\libnosys.a
END GROUP
START GROUP
LOAD c:/program files (x86)/atollic/truestudio for stm32 9.1.1/armtools/bin/../lib/gcc/arm-atollic-eabi/6.3.1/armv7e-m/fpu\libgcc.a
LOAD c:/program files (x86)/atollic/truestudio for stm32 9.1.1/armtools/bin/../lib/gcc/arm-atollic-eabi/6.3.1/../../../../arm-atollic-eabi/lib/armv7e-m/fpu\libc_nano.a
LOAD c:/program files (x86)/atollic/truestudio for stm32 9.1.1/armtools/bin/../lib/gcc/arm-atollic-eabi/6.3.1/../../../../arm-atollic-eabi/lib/armv7e-m/fpu\libnosys.a
END GROUP
LOAD c:/program files (x86)/atollic/truestudio for stm32 9.1.1/armtools/bin/../lib/gcc/arm-atollic-eabi/6.3.1/armv7e-m/fpu/crtend.o
LOAD c:/program files (x86)/atollic/truestudio for stm32 9.1.1/armtools/bin/../lib/gcc/arm-atollic-eabi/6.3.1/armv7e-m/fpu/crtn.o
                0x20018000                _estack = 0x20018000
                0x00000200                _Min_Heap_Size = 0x200
                0x00000400                _Min_Stack_Size = 0x400

.isr_vector     0x08000000      0x194
                0x08000000                . = ALIGN (0x4)
 *(.isr_vector)
 .isr_vector    0x08000000      0x194 startup\startup_stm32f401xe.o
                0x08000000                g_pfnVectors
                0x08000194                . = ALIGN (0x4)

.text           0x08000194     0x3904
                0x08000194                . = ALIGN (0x4)
 *(.text)
 .text          0x08000194       0x40 c:/program files (x86)/atollic/truestudio for stm32 9.1.1/armtools/bin/../lib/gcc/arm-atollic-eabi/6.3.1/armv7e-m/fpu/crtbegin.o
 .text          0x080001d4       0x14 c:/program files (x86)/atollic/truestudio for stm32 9.1.1/armtools/bin/../lib/gcc/arm-atollic-eabi/6.3.1/../../../../arm-atollic-eabi/lib/armv7e-m/fpu\libc_nano.a(lib_a-strcmp.o)
                0x080001d4                strcmp
 .text          0x080001e8       0x30 c:/program files (x86)/atollic/truestudio for stm32 9.1.1/armtools/bin/../lib/gcc/arm-atollic-eabi/6.3.1/armv7e-m/fpu\libgcc.a(_aeabi_uldivmod.o)
                0x080001e8                __aeabi_uldivmod
 .text          0x08000218      0x2dc c:/program files (x86)/atollic/truestudio for stm32 9.1.1/armtools/bin/../lib/gcc/arm-atollic-eabi/6.3.1/armv7e-m/fpu\libgcc.a(_udivmoddi4.o)
                0x08000218                __udivmoddi4
 .text          0x080004f4      0x9cc c:/program files (x86)/atollic/truestudio for stm32 9.1.1/armtools/bin/../lib/gcc/arm-atollic-eabi/6.3.1/armv7e-m/fpu\libgcc.a(unwind-arm.o)
                0x080007b4                _Unwind_GetCFA
                0x080007b8                __gnu_Unwind_RaiseException
                0x08000818                __gnu_Unwind_ForcedUnwind
                0x0800082c                __gnu_Unwind_Resume
                0x08000870                __gnu_Unwind_Resume_or_Rethrow
                0x08000880                _Unwind_Complete
                0x08000884                _Unwind_DeleteException
                0x08000890                _Unwind_VRS_Get
                0x080008dc                _Unwind_VRS_Set
                0x0800092c                __gnu_Unwind_Backtrace
                0x08000c6c                __aeabi_unwind_cpp_pr0
                0x08000c70                __aeabi_unwind_cpp_pr1
                0x08000c74                __aeabi_unwind_cpp_pr2
                0x08000c78                _Unwind_VRS_Pop
 .text          0x08000ec0      0x1ac c:/program files (x86)/atollic/truestudio for stm32 9.1.1/armtools/bin/../lib/gcc/arm-atollic-eabi/6.3.1/armv7e-m/fpu\libgcc.a(libunwind.o)
                0x08000ec0                __restore_core_regs
                0x08000ec0                restore_core_regs
                0x08000ed8                __gnu_Unwind_Restore_VFP
                0x08000ee0                __gnu_Unwind_Save_VFP
                0x08000ee8                __gnu_Unwind_Restore_VFP_D
                0x08000ef0                __gnu_Unwind_Save_VFP_D
                0x08000ef8                __gnu_Unwind_Restore_VFP_D_16_to_31
                0x08000f00                __gnu_Unwind_Save_VFP_D_16_to_31
                0x08000f08                __gnu_Unwind_Restore_WMMXD
                0x08000f4c                __gnu_Unwind_Save_WMMXD
                0x08000f90                __gnu_Unwind_Restore_WMMXC
                0x08000fa4                __gnu_Unwind_Save_WMMXC
                0x08000fb8                ___Unwind_RaiseException
                0x08000fb8                _Unwind_RaiseException
                0x08000fdc                _Unwind_Resume
                0x08000fdc                ___Unwind_Resume
                0x08001000                _Unwind_Resume_or_Rethrow
                0x08001000                ___Unwind_Resume_or_Rethrow
                0x08001024                _Unwind_ForcedUnwind
                0x08001024                ___Unwind_ForcedUnwind
                0x08001048                ___Unwind_Backtrace
                0x08001048                _Unwind_Backtrace
 .text          0x0800106c      0x380 c:/program files (x86)/atollic/truestudio for stm32 9.1.1/armtools/bin/../lib/gcc/arm-atollic-eabi/6.3.1/armv7e-m/fpu\libgcc.a(pr-support.o)
                0x080010c4                __gnu_unwind_execute
                0x08001394                __gnu_unwind_frame
                0x080013bc                _Unwind_GetRegionStart
                0x080013c8                _Unwind_GetLanguageSpecificData
                0x080013dc                _Unwind_GetTextRelBase
                0x080013e4                _Unwind_GetDataRelBase
 .text          0x080013ec        0x4 c:/program files (x86)/atollic/truestudio for stm32 9.1.1/armtools/bin/../lib/gcc/arm-atollic-eabi/6.3.1/armv7e-m/fpu\libgcc.a(_dvmd_tls.o)
                0x080013ec                __aeabi_idiv0
                0x080013ec                __aeabi_ldiv0
 *(.text*)
 .text._ZN20MAteeqEmulatedEEPROMC2EjhhtNS_20EMULATED_EEPROM_SIZEE
                0x080013f0       0xdc ClassObjects\MAteeqEmulatedEEPROM.o
                0x080013f0                MAteeqEmulatedEEPROM::MAteeqEmulatedEEPROM(unsigned int, unsigned char, unsigned char, unsigned short, MAteeqEmulatedEEPROM::EMULATED_EEPROM_SIZE)
                0x080013f0                MAteeqEmulatedEEPROM::MAteeqEmulatedEEPROM(unsigned int, unsigned char, unsigned char, unsigned short, MAteeqEmulatedEEPROM::EMULATED_EEPROM_SIZE)
 .text._ZN20MAteeqEmulatedEEPROMD2Ev
                0x080014cc       0x20 ClassObjects\MAteeqEmulatedEEPROM.o
                0x080014cc                MAteeqEmulatedEEPROM::~MAteeqEmulatedEEPROM()
                0x080014cc                MAteeqEmulatedEEPROM::~MAteeqEmulatedEEPROM()
 .text._ZN20MAteeqEmulatedEEPROMD0Ev
                0x080014ec       0x1e ClassObjects\MAteeqEmulatedEEPROM.o
                0x080014ec                MAteeqEmulatedEEPROM::~MAteeqEmulatedEEPROM()
 .text._ZN20MAteeqEmulatedEEPROM4InitEv
                0x0800150a       0x30 ClassObjects\MAteeqEmulatedEEPROM.o
                0x0800150a                MAteeqEmulatedEEPROM::Init()
 .text._ZN20MAteeqEmulatedEEPROM7GetCharEj
                0x0800153a       0x38 ClassObjects\MAteeqEmulatedEEPROM.o
                0x0800153a                MAteeqEmulatedEEPROM::GetChar(unsigned int)
 .text._ZN20MAteeqEmulatedEEPROM7PutCharEjh
                0x08001572       0x4c ClassObjects\MAteeqEmulatedEEPROM.o
                0x08001572                MAteeqEmulatedEEPROM::PutChar(unsigned int, unsigned char)
 .text._ZN20MAteeqEmulatedEEPROM26MemcpyToEEPROMwithChecksumEjPcj
                0x080015be       0x6c ClassObjects\MAteeqEmulatedEEPROM.o
                0x080015be                MAteeqEmulatedEEPROM::MemcpyToEEPROMwithChecksum(unsigned int, char*, unsigned int)
 .text._ZN20MAteeqEmulatedEEPROM28MemcpyFromEEPROMwithChecksumEPcjj
                0x0800162a       0x86 ClassObjects\MAteeqEmulatedEEPROM.o
                0x0800162a                MAteeqEmulatedEEPROM::MemcpyFromEEPROMwithChecksum(char*, unsigned int, unsigned int)
 .text._ZN20MAteeqEmulatedEEPROM9EE_FormatEv
                0x080016b0       0xdc ClassObjects\MAteeqEmulatedEEPROM.o
                0x080016b0                MAteeqEmulatedEEPROM::EE_Format()
 .text._ZN20MAteeqEmulatedEEPROM16EE_FindValidPageEt
                0x0800178c       0x88 ClassObjects\MAteeqEmulatedEEPROM.o
                0x0800178c                MAteeqEmulatedEEPROM::EE_FindValidPage(unsigned short)
 .text._ZN20MAteeqEmulatedEEPROM30EE_VerifyPageFullWriteVariableEtt
                0x08001814       0xd8 ClassObjects\MAteeqEmulatedEEPROM.o
                0x08001814                MAteeqEmulatedEEPROM::EE_VerifyPageFullWriteVariable(unsigned short, unsigned short)
 .text._ZN20MAteeqEmulatedEEPROM15EE_PageTransferEtt
                0x080018ec      0x184 ClassObjects\MAteeqEmulatedEEPROM.o
                0x080018ec                MAteeqEmulatedEEPROM::EE_PageTransfer(unsigned short, unsigned short)
 .text._ZN20MAteeqEmulatedEEPROM24EE_VerifyPageFullyErasedEj
                0x08001a70       0x4c ClassObjects\MAteeqEmulatedEEPROM.o
                0x08001a70                MAteeqEmulatedEEPROM::EE_VerifyPageFullyErased(unsigned int)
 .text._ZN20MAteeqEmulatedEEPROM7EE_InitEv
                0x08001abc      0x4b4 ClassObjects\MAteeqEmulatedEEPROM.o
                0x08001abc                MAteeqEmulatedEEPROM::EE_Init()
 .text._ZN20MAteeqEmulatedEEPROM15EE_ReadVariableEtPt
                0x08001f70       0xa4 ClassObjects\MAteeqEmulatedEEPROM.o
                0x08001f70                MAteeqEmulatedEEPROM::EE_ReadVariable(unsigned short, unsigned short*)
 .text._ZN20MAteeqEmulatedEEPROM16EE_WriteVariableEtt
                0x08002014       0x44 ClassObjects\MAteeqEmulatedEEPROM.o
                0x08002014                MAteeqEmulatedEEPROM::EE_WriteVariable(unsigned short, unsigned short)
 .text.HAL_InitTick
                0x08002058       0x48 Drivers\STM32F4xx_HAL_Driver\Src\stm32f4xx_hal.o
                0x08002058                HAL_InitTick
 .text.HAL_Init
                0x080020a0       0x34 Drivers\STM32F4xx_HAL_Driver\Src\stm32f4xx_hal.o
                0x080020a0                HAL_Init
 .text.HAL_IncTick
                0x080020d4       0x18 Drivers\STM32F4xx_HAL_Driver\Src\stm32f4xx_hal.o
                0x080020d4                HAL_IncTick
 .text.HAL_GetTick
                0x080020ec        0xc Drivers\STM32F4xx_HAL_Driver\Src\stm32f4xx_hal.o
                0x080020ec                HAL_GetTick
 .text.HAL_NVIC_SetPriorityGrouping
                0x080020f8       0x24 Drivers\STM32F4xx_HAL_Driver\Src\stm32f4xx_hal_cortex.o
                0x080020f8                HAL_NVIC_SetPriorityGrouping
 .text.HAL_NVIC_SetPriority
                0x0800211c       0x68 Drivers\STM32F4xx_HAL_Driver\Src\stm32f4xx_hal_cortex.o
                0x0800211c                HAL_NVIC_SetPriority
 .text.HAL_SYSTICK_Config
                0x08002184       0x2c Drivers\STM32F4xx_HAL_Driver\Src\stm32f4xx_hal_cortex.o
                0x08002184                HAL_SYSTICK_Config
 .text.FLASH_Program_DoubleWord
                0x080021b0       0x28 Drivers\STM32F4xx_HAL_Driver\Src\stm32f4xx_hal_flash.o
 .text.FLASH_Program_Word
                0x080021d8       0x24 Drivers\STM32F4xx_HAL_Driver\Src\stm32f4xx_hal_flash.o
 .text.FLASH_Program_HalfWord
                0x080021fc       0x24 Drivers\STM32F4xx_HAL_Driver\Src\stm32f4xx_hal_flash.o
 .text.FLASH_SetErrorCode
                0x08002220       0x8c Drivers\STM32F4xx_HAL_Driver\Src\stm32f4xx_hal_flash.o
 .text.HAL_FLASH_Unlock
                0x080022ac       0x24 Drivers\STM32F4xx_HAL_Driver\Src\stm32f4xx_hal_flash.o
                0x080022ac                HAL_FLASH_Unlock
 .text.HAL_FLASH_Lock
                0x080022d0       0x14 Drivers\STM32F4xx_HAL_Driver\Src\stm32f4xx_hal_flash.o
                0x080022d0                HAL_FLASH_Lock
 .text.FLASH_WaitForLastOperation
                0x080022e4       0x54 Drivers\STM32F4xx_HAL_Driver\Src\stm32f4xx_hal_flash.o
                0x080022e4                FLASH_WaitForLastOperation
 .text.HAL_FLASH_Program
                0x08002338       0x90 Drivers\STM32F4xx_HAL_Driver\Src\stm32f4xx_hal_flash.o
                0x08002338                HAL_FLASH_Program
 .text.FLASH_MassErase.isra.0
                0x080023c8       0x24 Drivers\STM32F4xx_HAL_Driver\Src\stm32f4xx_hal_flash_ex.o
 .text.FLASH_Erase_Sector
                0x080023ec       0x4c Drivers\STM32F4xx_HAL_Driver\Src\stm32f4xx_hal_flash_ex.o
                0x080023ec                FLASH_Erase_Sector
 .text.FLASH_FlushCaches
                0x08002438       0x58 Drivers\STM32F4xx_HAL_Driver\Src\stm32f4xx_hal_flash_ex.o
                0x08002438                FLASH_FlushCaches
 .text.HAL_FLASHEx_Erase
                0x08002490       0x9c Drivers\STM32F4xx_HAL_Driver\Src\stm32f4xx_hal_flash_ex.o
                0x08002490                HAL_FLASHEx_Erase
 .text.HAL_RCC_OscConfig
                0x0800252c      0x304 Drivers\STM32F4xx_HAL_Driver\Src\stm32f4xx_hal_rcc.o
                0x0800252c                HAL_RCC_OscConfig
 .text.HAL_RCC_GetSysClockFreq
                0x08002830       0x5c Drivers\STM32F4xx_HAL_Driver\Src\stm32f4xx_hal_rcc.o
                0x08002830                HAL_RCC_GetSysClockFreq
 .text.HAL_RCC_ClockConfig
                0x0800288c      0x134 Drivers\STM32F4xx_HAL_Driver\Src\stm32f4xx_hal_rcc.o
                0x0800288c                HAL_RCC_ClockConfig
 .text.main     0x080029c0      0x1ac Src\main.o
                0x080029c0                main
 .text._Z18SystemClock_Configv
                0x08002b6c       0xec Src\main.o
                0x08002b6c                SystemClock_Config()
 .text._Z13Error_Handlerv
                0x08002c58        0xe Src\main.o
                0x08002c58                Error_Handler()
 *fill*         0x08002c66        0x2 
 .text.HAL_MspInit
                0x08002c68       0x38 Src\stm32f4xx_hal_msp.o
                0x08002c68                HAL_MspInit
 .text.NMI_Handler
                0x08002ca0        0x2 Src\stm32f4xx_it.o
                0x08002ca0                NMI_Handler
 .text.HardFault_Handler
                0x08002ca2        0x2 Src\stm32f4xx_it.o
                0x08002ca2                HardFault_Handler
 .text.MemManage_Handler
                0x08002ca4        0x2 Src\stm32f4xx_it.o
                0x08002ca4                MemManage_Handler
 .text.BusFault_Handler
                0x08002ca6        0x2 Src\stm32f4xx_it.o
                0x08002ca6                BusFault_Handler
 .text.UsageFault_Handler
                0x08002ca8        0x2 Src\stm32f4xx_it.o
                0x08002ca8                UsageFault_Handler
 .text.SVC_Handler
                0x08002caa        0x2 Src\stm32f4xx_it.o
                0x08002caa                SVC_Handler
 .text.DebugMon_Handler
                0x08002cac        0x2 Src\stm32f4xx_it.o
                0x08002cac                DebugMon_Handler
 .text.PendSV_Handler
                0x08002cae        0x2 Src\stm32f4xx_it.o
                0x08002cae                PendSV_Handler
 .text.SysTick_Handler
                0x08002cb0        0x4 Src\stm32f4xx_it.o
                0x08002cb0                SysTick_Handler
 .text.SystemInit
                0x08002cb4       0x4c Src\system_stm32f4xx.o
                0x08002cb4                SystemInit
 .text.Reset_Handler
                0x08002d00       0x50 startup\startup_stm32f401xe.o
                0x08002d00                Reset_Handler
 .text.Default_Handler
                0x08002d50        0x2 startup\startup_stm32f401xe.o
                0x08002d50                RTC_Alarm_IRQHandler
                0x08002d50                EXTI2_IRQHandler
                0x08002d50                SPI4_IRQHandler
                0x08002d50                TIM1_CC_IRQHandler
                0x08002d50                DMA2_Stream5_IRQHandler
                0x08002d50                DMA1_Stream5_IRQHandler
                0x08002d50                PVD_IRQHandler
                0x08002d50                SDIO_IRQHandler
                0x08002d50                TAMP_STAMP_IRQHandler
                0x08002d50                EXTI3_IRQHandler
                0x08002d50                TIM1_UP_TIM10_IRQHandler
                0x08002d50                I2C3_ER_IRQHandler
                0x08002d50                EXTI0_IRQHandler
                0x08002d50                I2C2_EV_IRQHandler
                0x08002d50                DMA1_Stream2_IRQHandler
                0x08002d50                FPU_IRQHandler
                0x08002d50                DMA2_Stream2_IRQHandler
                0x08002d50                SPI1_IRQHandler
                0x08002d50                TIM1_BRK_TIM9_IRQHandler
                0x08002d50                DMA2_Stream3_IRQHandler
                0x08002d50                USART6_IRQHandler
                0x08002d50                DMA2_Stream0_IRQHandler
                0x08002d50                TIM4_IRQHandler
                0x08002d50                I2C1_EV_IRQHandler
                0x08002d50                DMA1_Stream6_IRQHandler
                0x08002d50                DMA1_Stream1_IRQHandler
                0x08002d50                TIM3_IRQHandler
                0x08002d50                RCC_IRQHandler
                0x08002d50                Default_Handler
                0x08002d50                EXTI15_10_IRQHandler
                0x08002d50                ADC_IRQHandler
                0x08002d50                DMA1_Stream7_IRQHandler
                0x08002d50                TIM5_IRQHandler
                0x08002d50                DMA2_Stream7_IRQHandler
                0x08002d50                I2C3_EV_IRQHandler
                0x08002d50                EXTI9_5_IRQHandler
                0x08002d50                RTC_WKUP_IRQHandler
                0x08002d50                SPI2_IRQHandler
                0x08002d50                DMA1_Stream0_IRQHandler
                0x08002d50                EXTI4_IRQHandler
                0x08002d50                WWDG_IRQHandler
                0x08002d50                TIM2_IRQHandler
                0x08002d50                OTG_FS_WKUP_IRQHandler
                0x08002d50                TIM1_TRG_COM_TIM11_IRQHandler
                0x08002d50                EXTI1_IRQHandler
                0x08002d50                USART2_IRQHandler
                0x08002d50                I2C2_ER_IRQHandler
                0x08002d50                DMA2_Stream1_IRQHandler
                0x08002d50                FLASH_IRQHandler
                0x08002d50                DMA2_Stream4_IRQHandler
                0x08002d50                USART1_IRQHandler
                0x08002d50                OTG_FS_IRQHandler
                0x08002d50                SPI3_IRQHandler
                0x08002d50                DMA1_Stream4_IRQHandler
                0x08002d50                I2C1_ER_IRQHandler
                0x08002d50                DMA2_Stream6_IRQHandler
                0x08002d50                DMA1_Stream3_IRQHandler
 .text._ZdlPv   0x08002d52        0x4 c:/program files (x86)/atollic/truestudio for stm32 9.1.1/armtools/bin/../lib/gcc/arm-atollic-eabi/6.3.1/../../../../arm-atollic-eabi/lib/armv7e-m/fpu\libstdc++_nano.a(del_op.o)
                0x08002d52                operator delete(void*)
 .text._Znwj    0x08002d56       0x22 c:/program files (x86)/atollic/truestudio for stm32 9.1.1/armtools/bin/../lib/gcc/arm-atollic-eabi/6.3.1/../../../../arm-atollic-eabi/lib/armv7e-m/fpu\libstdc++_nano.a(new_op.o)
                0x08002d56                operator new(unsigned int)
 .text.__cxa_end_cleanup
                0x08002d78        0xc c:/program files (x86)/atollic/truestudio for stm32 9.1.1/armtools/bin/../lib/gcc/arm-atollic-eabi/6.3.1/../../../../arm-atollic-eabi/lib/armv7e-m/fpu\libstdc++_nano.a(eh_arm.o)
                0x08002d78                __cxa_end_cleanup
 .text._ZN10__cxxabiv1L24__is_gxx_exception_classEPc
                0x08002d84       0x3a c:/program files (x86)/atollic/truestudio for stm32 9.1.1/armtools/bin/../lib/gcc/arm-atollic-eabi/6.3.1/../../../../arm-atollic-eabi/lib/armv7e-m/fpu\libstdc++_nano.a(eh_arm.o)
 *fill*         0x08002dbe        0x2 
 .text.__cxa_type_match
                0x08002dc0       0xbc c:/program files (x86)/atollic/truestudio for stm32 9.1.1/armtools/bin/../lib/gcc/arm-atollic-eabi/6.3.1/../../../../arm-atollic-eabi/lib/armv7e-m/fpu\libstdc++_nano.a(eh_arm.o)
                0x08002dc0                __cxa_type_match
 .text.__cxa_begin_cleanup
                0x08002e7c       0x3a c:/program files (x86)/atollic/truestudio for stm32 9.1.1/armtools/bin/../lib/gcc/arm-atollic-eabi/6.3.1/../../../../arm-atollic-eabi/lib/armv7e-m/fpu\libstdc++_nano.a(eh_arm.o)
                0x08002e7c                __cxa_begin_cleanup
 .text.__gnu_end_cleanup
                0x08002eb6       0x32 c:/program files (x86)/atollic/truestudio for stm32 9.1.1/armtools/bin/../lib/gcc/arm-atollic-eabi/6.3.1/../../../../arm-atollic-eabi/lib/armv7e-m/fpu\libstdc++_nano.a(eh_arm.o)
                0x08002eb6                __gnu_end_cleanup
 .text._ZL12read_uleb128PKhPm
                0x08002ee8       0x22 c:/program files (x86)/atollic/truestudio for stm32 9.1.1/armtools/bin/../lib/gcc/arm-atollic-eabi/6.3.1/../../../../arm-atollic-eabi/lib/armv7e-m/fpu\libstdc++_nano.a(eh_personality.o)
 .text._ZL12read_sleb128PKhPl
                0x08002f0a       0x30 c:/program files (x86)/atollic/truestudio for stm32 9.1.1/armtools/bin/../lib/gcc/arm-atollic-eabi/6.3.1/../../../../arm-atollic-eabi/lib/armv7e-m/fpu\libstdc++_nano.a(eh_personality.o)
 .text._ZL28read_encoded_value_with_basehjPKhPj
                0x08002f3a       0x88 c:/program files (x86)/atollic/truestudio for stm32 9.1.1/armtools/bin/../lib/gcc/arm-atollic-eabi/6.3.1/../../../../arm-atollic-eabi/lib/armv7e-m/fpu\libstdc++_nano.a(eh_personality.o)
 .text._ZL21base_of_encoded_valuehP15_Unwind_Context
                0x08002fc2       0x46 c:/program files (x86)/atollic/truestudio for stm32 9.1.1/armtools/bin/../lib/gcc/arm-atollic-eabi/6.3.1/../../../../arm-atollic-eabi/lib/armv7e-m/fpu\libstdc++_nano.a(eh_personality.o)
 .text._ZL18read_encoded_valueP15_Unwind_ContexthPKhPj
                0x08003008       0x20 c:/program files (x86)/atollic/truestudio for stm32 9.1.1/armtools/bin/../lib/gcc/arm-atollic-eabi/6.3.1/../../../../arm-atollic-eabi/lib/armv7e-m/fpu\libstdc++_nano.a(eh_personality.o)
 .text._ZL17parse_lsda_headerP15_Unwind_ContextPKhP16lsda_header_info
                0x08003028       0x60 c:/program files (x86)/atollic/truestudio for stm32 9.1.1/armtools/bin/../lib/gcc/arm-atollic-eabi/6.3.1/../../../../arm-atollic-eabi/lib/armv7e-m/fpu\libstdc++_nano.a(eh_personality.o)
 .text._Unwind_GetGR
                0x08003088       0x18 c:/program files (x86)/atollic/truestudio for stm32 9.1.1/armtools/bin/../lib/gcc/arm-atollic-eabi/6.3.1/../../../../arm-atollic-eabi/lib/armv7e-m/fpu\libstdc++_nano.a(eh_personality.o)
 .text.__gxx_personality_v0
                0x080030a0      0x370 c:/program files (x86)/atollic/truestudio for stm32 9.1.1/armtools/bin/../lib/gcc/arm-atollic-eabi/6.3.1/../../../../arm-atollic-eabi/lib/armv7e-m/fpu\libstdc++_nano.a(eh_personality.o)
                0x080030a0                __gxx_personality_v0
 .text._ZSt15get_new_handlerv
                0x08003410       0x10 c:/program files (x86)/atollic/truestudio for stm32 9.1.1/armtools/bin/../lib/gcc/arm-atollic-eabi/6.3.1/../../../../arm-atollic-eabi/lib/armv7e-m/fpu\libstdc++_nano.a(new_handler.o)
                0x08003410                std::get_new_handler()
 .text._ZNK10__cxxabiv117__class_type_info11__do_upcastEPKS0_PPv
                0x08003420       0x34 c:/program files (x86)/atollic/truestudio for stm32 9.1.1/armtools/bin/../lib/gcc/arm-atollic-eabi/6.3.1/../../../../arm-atollic-eabi/lib/armv7e-m/fpu\libstdc++_nano.a(class_type_info.o)
                0x08003420                __cxxabiv1::__class_type_info::__do_upcast(__cxxabiv1::__class_type_info const*, void**) const
 .text._ZNK10__cxxabiv117__class_type_info20__do_find_public_srcEiPKvPKS0_S2_
                0x08003454        0xc c:/program files (x86)/atollic/truestudio for stm32 9.1.1/armtools/bin/../lib/gcc/arm-atollic-eabi/6.3.1/../../../../arm-atollic-eabi/lib/armv7e-m/fpu\libstdc++_nano.a(class_type_info.o)
                0x08003454                __cxxabiv1::__class_type_info::__do_find_public_src(int, void const*, __cxxabiv1::__class_type_info const*, void const*) const
 .text._ZN10__cxxabiv117__class_type_infoD2Ev
                0x08003460       0x14 c:/program files (x86)/atollic/truestudio for stm32 9.1.1/armtools/bin/../lib/gcc/arm-atollic-eabi/6.3.1/../../../../arm-atollic-eabi/lib/armv7e-m/fpu\libstdc++_nano.a(class_type_info.o)
                0x08003460                __cxxabiv1::__class_type_info::~__class_type_info()
                0x08003460                __cxxabiv1::__class_type_info::~__class_type_info()
 .text._ZN10__cxxabiv117__class_type_infoD0Ev
                0x08003474       0x14 c:/program files (x86)/atollic/truestudio for stm32 9.1.1/armtools/bin/../lib/gcc/arm-atollic-eabi/6.3.1/../../../../arm-atollic-eabi/lib/armv7e-m/fpu\libstdc++_nano.a(class_type_info.o)
                0x08003474                __cxxabiv1::__class_type_info::~__class_type_info()
 .text._ZNK10__cxxabiv117__class_type_info11__do_upcastEPKS0_PKvRNS0_15__upcast_resultE
                0x08003488       0x18 c:/program files (x86)/atollic/truestudio for stm32 9.1.1/armtools/bin/../lib/gcc/arm-atollic-eabi/6.3.1/../../../../arm-atollic-eabi/lib/armv7e-m/fpu\libstdc++_nano.a(class_type_info.o)
                0x08003488                __cxxabiv1::__class_type_info::__do_upcast(__cxxabiv1::__class_type_info const*, void const*, __cxxabiv1::__class_type_info::__upcast_result&) const
 .text._ZNK10__cxxabiv117__class_type_info10__do_catchEPKSt9type_infoPPvj
                0x080034a0       0x2a c:/program files (x86)/atollic/truestudio for stm32 9.1.1/armtools/bin/../lib/gcc/arm-atollic-eabi/6.3.1/../../../../arm-atollic-eabi/lib/armv7e-m/fpu\libstdc++_nano.a(class_type_info.o)
                0x080034a0                __cxxabiv1::__class_type_info::__do_catch(std::type_info const*, void**, unsigned int) const
 .text._ZNK10__cxxabiv117__class_type_info12__do_dyncastEiNS0_10__sub_kindEPKS0_PKvS3_S5_RNS0_16__dyncast_resultE
                0x080034ca       0x38 c:/program files (x86)/atollic/truestudio for stm32 9.1.1/armtools/bin/../lib/gcc/arm-atollic-eabi/6.3.1/../../../../arm-atollic-eabi/lib/armv7e-m/fpu\libstdc++_nano.a(class_type_info.o)
                0x080034ca                __cxxabiv1::__class_type_info::__do_dyncast(int, __cxxabiv1::__class_type_info::__sub_kind, __cxxabiv1::__class_type_info const*, void const*, __cxxabiv1::__class_type_info const*, void const*, __cxxabiv1::__class_type_info::__dyncast_result&) const
 .text._ZNSt9type_infoD2Ev
                0x08003502        0x2 c:/program files (x86)/atollic/truestudio for stm32 9.1.1/armtools/bin/../lib/gcc/arm-atollic-eabi/6.3.1/../../../../arm-atollic-eabi/lib/armv7e-m/fpu\libstdc++_nano.a(tinfo.o)
                0x08003502                std::type_info::~type_info()
                0x08003502                std::type_info::~type_info()
 .text._ZNKSt9type_info15__is_function_pEv
                0x08003504        0x4 c:/program files (x86)/atollic/truestudio for stm32 9.1.1/armtools/bin/../lib/gcc/arm-atollic-eabi/6.3.1/../../../../arm-atollic-eabi/lib/armv7e-m/fpu\libstdc++_nano.a(tinfo.o)
                0x08003504                std::type_info::__is_pointer_p() const
                0x08003504                std::type_info::__is_function_p() const
 .text._ZNKSt9type_infoeqERKS_
                0x08003508       0x2c c:/program files (x86)/atollic/truestudio for stm32 9.1.1/armtools/bin/../lib/gcc/arm-atollic-eabi/6.3.1/../../../../arm-atollic-eabi/lib/armv7e-m/fpu\libstdc++_nano.a(tinfo.o)
                0x08003508                std::type_info::operator==(std::type_info const&) const
 .text._ZN10__cxxabiv120__si_class_type_infoD2Ev
                0x08003534       0x14 c:/program files (x86)/atollic/truestudio for stm32 9.1.1/armtools/bin/../lib/gcc/arm-atollic-eabi/6.3.1/../../../../arm-atollic-eabi/lib/armv7e-m/fpu\libstdc++_nano.a(si_class_type_info.o)
                0x08003534                __cxxabiv1::__si_class_type_info::~__si_class_type_info()
                0x08003534                __cxxabiv1::__si_class_type_info::~__si_class_type_info()
 .text._ZN10__cxxabiv120__si_class_type_infoD0Ev
                0x08003548       0x14 c:/program files (x86)/atollic/truestudio for stm32 9.1.1/armtools/bin/../lib/gcc/arm-atollic-eabi/6.3.1/../../../../arm-atollic-eabi/lib/armv7e-m/fpu\libstdc++_nano.a(si_class_type_info.o)
                0x08003548                __cxxabiv1::__si_class_type_info::~__si_class_type_info()
 .text._ZNK10__cxxabiv120__si_class_type_info20__do_find_public_srcEiPKvPKNS_17__class_type_infoES2_
                0x0800355c       0x38 c:/program files (x86)/atollic/truestudio for stm32 9.1.1/armtools/bin/../lib/gcc/arm-atollic-eabi/6.3.1/../../../../arm-atollic-eabi/lib/armv7e-m/fpu\libstdc++_nano.a(si_class_type_info.o)
                0x0800355c                __cxxabiv1::__si_class_type_info::__do_find_public_src(int, void const*, __cxxabiv1::__class_type_info const*, void const*) const
 .text._ZNK10__cxxabiv120__si_class_type_info12__do_dyncastEiNS_17__class_type_info10__sub_kindEPKS1_PKvS4_S6_RNS1_16__dyncast_resultE
                0x08003594       0x7c c:/program files (x86)/atollic/truestudio for stm32 9.1.1/armtools/bin/../lib/gcc/arm-atollic-eabi/6.3.1/../../../../arm-atollic-eabi/lib/armv7e-m/fpu\libstdc++_nano.a(si_class_type_info.o)
                0x08003594                __cxxabiv1::__si_class_type_info::__do_dyncast(int, __cxxabiv1::__class_type_info::__sub_kind, __cxxabiv1::__class_type_info const*, void const*, __cxxabiv1::__class_type_info const*, void const*, __cxxabiv1::__class_type_info::__dyncast_result&) const
 .text._ZNK10__cxxabiv120__si_class_type_info11__do_upcastEPKNS_17__class_type_infoEPKvRNS1_15__upcast_resultE
                0x08003610       0x2a c:/program files (x86)/atollic/truestudio for stm32 9.1.1/armtools/bin/../lib/gcc/arm-atollic-eabi/6.3.1/../../../../arm-atollic-eabi/lib/armv7e-m/fpu\libstdc++_nano.a(si_class_type_info.o)
                0x08003610                __cxxabiv1::__si_class_type_info::__do_upcast(__cxxabiv1::__class_type_info const*, void const*, __cxxabiv1::__class_type_info::__upcast_result&) const
 .text._ZN10__cxxabiv1L24__is_gxx_exception_classEPc
                0x0800363a       0x3a c:/program files (x86)/atollic/truestudio for stm32 9.1.1/armtools/bin/../lib/gcc/arm-atollic-eabi/6.3.1/../../../../arm-atollic-eabi/lib/armv7e-m/fpu\libstdc++_nano.a(eh_call.o)
 .text.__cxa_call_terminate
                0x08003674       0x1e c:/program files (x86)/atollic/truestudio for stm32 9.1.1/armtools/bin/../lib/gcc/arm-atollic-eabi/6.3.1/../../../../arm-atollic-eabi/lib/armv7e-m/fpu\libstdc++_nano.a(eh_call.o)
                0x08003674                __cxa_call_terminate
 .text.__cxa_call_unexpected
                0x08003692       0x28 c:/program files (x86)/atollic/truestudio for stm32 9.1.1/armtools/bin/../lib/gcc/arm-atollic-eabi/6.3.1/../../../../arm-atollic-eabi/lib/armv7e-m/fpu\libstdc++_nano.a(eh_call.o)
                0x08003692                __cxa_call_unexpected
 .text._ZN10__cxxabiv1L24__is_gxx_exception_classEPc
                0x080036ba       0x3a c:/program files (x86)/atollic/truestudio for stm32 9.1.1/armtools/bin/../lib/gcc/arm-atollic-eabi/6.3.1/../../../../arm-atollic-eabi/lib/armv7e-m/fpu\libstdc++_nano.a(eh_catch.o)
 .text.__cxa_begin_catch
                0x080036f4       0x54 c:/program files (x86)/atollic/truestudio for stm32 9.1.1/armtools/bin/../lib/gcc/arm-atollic-eabi/6.3.1/../../../../arm-atollic-eabi/lib/armv7e-m/fpu\libstdc++_nano.a(eh_catch.o)
                0x080036f4                __cxa_begin_catch
 .text._ZN10__cxxabiv111__terminateEPFvvE
                0x08003748        0x8 c:/program files (x86)/atollic/truestudio for stm32 9.1.1/armtools/bin/../lib/gcc/arm-atollic-eabi/6.3.1/../../../../arm-atollic-eabi/lib/armv7e-m/fpu\libstdc++_nano.a(eh_terminate.o)
                0x08003748                __cxxabiv1::__terminate(void (*)())
 .text._ZSt13get_terminatev
                0x08003750       0x10 c:/program files (x86)/atollic/truestudio for stm32 9.1.1/armtools/bin/../lib/gcc/arm-atollic-eabi/6.3.1/../../../../arm-atollic-eabi/lib/armv7e-m/fpu\libstdc++_nano.a(eh_terminate.o)
                0x08003750                std::get_terminate()
 .text._ZSt9terminatev
                0x08003760        0xa c:/program files (x86)/atollic/truestudio for stm32 9.1.1/armtools/bin/../lib/gcc/arm-atollic-eabi/6.3.1/../../../../arm-atollic-eabi/lib/armv7e-m/fpu\libstdc++_nano.a(eh_terminate.o)
                0x08003760                std::terminate()
 .text._ZN10__cxxabiv112__unexpectedEPFvvE
                0x0800376a        0x8 c:/program files (x86)/atollic/truestudio for stm32 9.1.1/armtools/bin/../lib/gcc/arm-atollic-eabi/6.3.1/../../../../arm-atollic-eabi/lib/armv7e-m/fpu\libstdc++_nano.a(eh_terminate.o)
                0x0800376a                __cxxabiv1::__unexpected(void (*)())
 *fill*         0x08003772        0x2 
 .text._ZSt14get_unexpectedv
                0x08003774       0x10 c:/program files (x86)/atollic/truestudio for stm32 9.1.1/armtools/bin/../lib/gcc/arm-atollic-eabi/6.3.1/../../../../arm-atollic-eabi/lib/armv7e-m/fpu\libstdc++_nano.a(eh_terminate.o)
                0x08003774                std::get_unexpected()
 .text._ZSt10unexpectedv
                0x08003784        0xa c:/program files (x86)/atollic/truestudio for stm32 9.1.1/armtools/bin/../lib/gcc/arm-atollic-eabi/6.3.1/../../../../arm-atollic-eabi/lib/armv7e-m/fpu\libstdc++_nano.a(eh_terminate.o)
                0x08003784                std::unexpected()
 *fill*         0x0800378e        0x2 
 .text.__cxa_get_globals
                0x08003790        0x8 c:/program files (x86)/atollic/truestudio for stm32 9.1.1/armtools/bin/../lib/gcc/arm-atollic-eabi/6.3.1/../../../../arm-atollic-eabi/lib/armv7e-m/fpu\libstdc++_nano.a(eh_globals.o)
                0x08003790                __cxa_get_globals
 .text._ZdlPvj  0x08003798        0x4 c:/program files (x86)/atollic/truestudio for stm32 9.1.1/armtools/bin/../lib/gcc/arm-atollic-eabi/6.3.1/../../../../arm-atollic-eabi/lib/armv7e-m/fpu\libstdc++_nano.a(del_ops.o)
                0x08003798                operator delete(void*, unsigned int)
 .text.abort    0x0800379c        0xe c:/program files (x86)/atollic/truestudio for stm32 9.1.1/armtools/bin/../lib/gcc/arm-atollic-eabi/6.3.1/../../../../arm-atollic-eabi/lib/armv7e-m/fpu\libc_nano.a(lib_a-abort.o)
                0x0800379c                abort
 *fill*         0x080037aa        0x2 
 .text.__libc_init_array
                0x080037ac       0x48 c:/program files (x86)/atollic/truestudio for stm32 9.1.1/armtools/bin/../lib/gcc/arm-atollic-eabi/6.3.1/../../../../arm-atollic-eabi/lib/armv7e-m/fpu\libc_nano.a(lib_a-init.o)
                0x080037ac                __libc_init_array
 .text.malloc   0x080037f4       0x10 c:/program files (x86)/atollic/truestudio for stm32 9.1.1/armtools/bin/../lib/gcc/arm-atollic-eabi/6.3.1/../../../../arm-atollic-eabi/lib/armv7e-m/fpu\libc_nano.a(lib_a-malloc.o)
                0x080037f4                malloc
 .text.free     0x08003804       0x10 c:/program files (x86)/atollic/truestudio for stm32 9.1.1/armtools/bin/../lib/gcc/arm-atollic-eabi/6.3.1/../../../../arm-atollic-eabi/lib/armv7e-m/fpu\libc_nano.a(lib_a-malloc.o)
                0x08003804                free
 .text.memset   0x08003814       0x10 c:/program files (x86)/atollic/truestudio for stm32 9.1.1/armtools/bin/../lib/gcc/arm-atollic-eabi/6.3.1/../../../../arm-atollic-eabi/lib/armv7e-m/fpu\libc_nano.a(lib_a-memset.o)
                0x08003814                memset
 .text._free_r  0x08003824       0x9c c:/program files (x86)/atollic/truestudio for stm32 9.1.1/armtools/bin/../lib/gcc/arm-atollic-eabi/6.3.1/../../../../arm-atollic-eabi/lib/armv7e-m/fpu\libc_nano.a(lib_a-nano-freer.o)
                0x08003824                _free_r
 .text._malloc_r
                0x080038c0       0xbc c:/program files (x86)/atollic/truestudio for stm32 9.1.1/armtools/bin/../lib/gcc/arm-atollic-eabi/6.3.1/../../../../arm-atollic-eabi/lib/armv7e-m/fpu\libc_nano.a(lib_a-nano-mallocr.o)
                0x080038c0                _malloc_r
 .text._sbrk_r  0x0800397c       0x20 c:/program files (x86)/atollic/truestudio for stm32 9.1.1/armtools/bin/../lib/gcc/arm-atollic-eabi/6.3.1/../../../../arm-atollic-eabi/lib/armv7e-m/fpu\libc_nano.a(lib_a-sbrkr.o)
                0x0800397c                _sbrk_r
 .text._raise_r
                0x0800399c       0x50 c:/program files (x86)/atollic/truestudio for stm32 9.1.1/armtools/bin/../lib/gcc/arm-atollic-eabi/6.3.1/../../../../arm-atollic-eabi/lib/armv7e-m/fpu\libc_nano.a(lib_a-signal.o)
                0x0800399c                _raise_r
 .text.raise    0x080039ec       0x10 c:/program files (x86)/atollic/truestudio for stm32 9.1.1/armtools/bin/../lib/gcc/arm-atollic-eabi/6.3.1/../../../../arm-atollic-eabi/lib/armv7e-m/fpu\libc_nano.a(lib_a-signal.o)
                0x080039ec                raise
 .text._kill_r  0x080039fc       0x24 c:/program files (x86)/atollic/truestudio for stm32 9.1.1/armtools/bin/../lib/gcc/arm-atollic-eabi/6.3.1/../../../../arm-atollic-eabi/lib/armv7e-m/fpu\libc_nano.a(lib_a-signalr.o)
                0x080039fc                _kill_r
 .text._getpid_r
                0x08003a20        0x4 c:/program files (x86)/atollic/truestudio for stm32 9.1.1/armtools/bin/../lib/gcc/arm-atollic-eabi/6.3.1/../../../../arm-atollic-eabi/lib/armv7e-m/fpu\libc_nano.a(lib_a-signalr.o)
                0x08003a20                _getpid_r
 .text.__malloc_lock
                0x08003a24        0x2 c:/program files (x86)/atollic/truestudio for stm32 9.1.1/armtools/bin/../lib/gcc/arm-atollic-eabi/6.3.1/../../../../arm-atollic-eabi/lib/armv7e-m/fpu\libc_nano.a(lib_a-mlock.o)
                0x08003a24                __malloc_lock
 .text.__malloc_unlock
                0x08003a26        0x2 c:/program files (x86)/atollic/truestudio for stm32 9.1.1/armtools/bin/../lib/gcc/arm-atollic-eabi/6.3.1/../../../../arm-atollic-eabi/lib/armv7e-m/fpu\libc_nano.a(lib_a-mlock.o)
                0x08003a26                __malloc_unlock
 .text.memcpy   0x08003a28       0x16 c:/program files (x86)/atollic/truestudio for stm32 9.1.1/armtools/bin/../lib/gcc/arm-atollic-eabi/6.3.1/../../../../arm-atollic-eabi/lib/armv7e-m/fpu\libc_nano.a(lib_a-memcpy-stub.o)
                0x08003a28                memcpy
 *fill*         0x08003a3e        0x2 
 .text._getpid  0x08003a40       0x10 c:/program files (x86)/atollic/truestudio for stm32 9.1.1/armtools/bin/../lib/gcc/arm-atollic-eabi/6.3.1/../../../../arm-atollic-eabi/lib/armv7e-m/fpu\libnosys.a(getpid.o)
                0x08003a40                _getpid
 .text._kill    0x08003a50       0x10 c:/program files (x86)/atollic/truestudio for stm32 9.1.1/armtools/bin/../lib/gcc/arm-atollic-eabi/6.3.1/../../../../arm-atollic-eabi/lib/armv7e-m/fpu\libnosys.a(kill.o)
                0x08003a50                _kill
 .text._sbrk    0x08003a60       0x1c c:/program files (x86)/atollic/truestudio for stm32 9.1.1/armtools/bin/../lib/gcc/arm-atollic-eabi/6.3.1/../../../../arm-atollic-eabi/lib/armv7e-m/fpu\libnosys.a(sbrk.o)
                0x08003a60                _sbrk
 .text._exit    0x08003a7c        0x2 c:/program files (x86)/atollic/truestudio for stm32 9.1.1/armtools/bin/../lib/gcc/arm-atollic-eabi/6.3.1/../../../../arm-atollic-eabi/lib/armv7e-m/fpu\libnosys.a(_exit.o)
                0x08003a7c                _exit
 *(.glue_7)
 .glue_7        0x08003a7e        0x0 linker stubs
 *(.glue_7t)
 .glue_7t       0x08003a7e        0x0 linker stubs
 *(.eh_frame)
 *fill*         0x08003a7e        0x2 
 .eh_frame      0x08003a80        0x0 c:/program files (x86)/atollic/truestudio for stm32 9.1.1/armtools/bin/../lib/gcc/arm-atollic-eabi/6.3.1/armv7e-m/fpu/crtbegin.o
 *(.init)
 .init          0x08003a80        0x4 c:/program files (x86)/atollic/truestudio for stm32 9.1.1/armtools/bin/../lib/gcc/arm-atollic-eabi/6.3.1/armv7e-m/fpu/crti.o
                0x08003a80                _init
 .init          0x08003a84        0x8 c:/program files (x86)/atollic/truestudio for stm32 9.1.1/armtools/bin/../lib/gcc/arm-atollic-eabi/6.3.1/armv7e-m/fpu/crtn.o
 *(.fini)
 .fini          0x08003a8c        0x4 c:/program files (x86)/atollic/truestudio for stm32 9.1.1/armtools/bin/../lib/gcc/arm-atollic-eabi/6.3.1/armv7e-m/fpu/crti.o
                0x08003a8c                _fini
 .fini          0x08003a90        0x8 c:/program files (x86)/atollic/truestudio for stm32 9.1.1/armtools/bin/../lib/gcc/arm-atollic-eabi/6.3.1/armv7e-m/fpu/crtn.o
                0x08003a98                . = ALIGN (0x4)
                0x08003a98                _etext = .

.vfp11_veneer   0x08003a98        0x0
 .vfp11_veneer  0x08003a98        0x0 linker stubs

.v4_bx          0x08003a98        0x0
 .v4_bx         0x08003a98        0x0 linker stubs

.iplt           0x08003a98        0x0
 .iplt          0x08003a98        0x0 c:/program files (x86)/atollic/truestudio for stm32 9.1.1/armtools/bin/../lib/gcc/arm-atollic-eabi/6.3.1/armv7e-m/fpu/crtbegin.o

.rodata         0x08003a98      0x178
                0x08003a98                . = ALIGN (0x4)
 *(.rodata)
 .rodata        0x08003a98       0x2f ClassObjects\MAteeqEmulatedEEPROM.o
                0x08003a98                vtable for MAteeqEmulatedEEPROM
                0x08003aa8                typeinfo for MAteeqEmulatedEEPROM
                0x08003ab0                typeinfo name for MAteeqEmulatedEEPROM
 *fill*         0x08003ac7        0x1 
 .rodata        0x08003ac8       0x10 Src\main.o
 *(.rodata*)
 .rodata.AHBPrescTable
                0x08003ad8       0x10 Src\system_stm32f4xx.o
                0x08003ad8                AHBPrescTable
 .rodata._ZTIN10__cxxabiv117__class_type_infoE
                0x08003ae8        0xc c:/program files (x86)/atollic/truestudio for stm32 9.1.1/armtools/bin/../lib/gcc/arm-atollic-eabi/6.3.1/../../../../arm-atollic-eabi/lib/armv7e-m/fpu\libstdc++_nano.a(class_type_info.o)
                0x08003ae8                typeinfo for __cxxabiv1::__class_type_info
 .rodata._ZTSN10__cxxabiv117__class_type_infoE
                0x08003af4       0x22 c:/program files (x86)/atollic/truestudio for stm32 9.1.1/armtools/bin/../lib/gcc/arm-atollic-eabi/6.3.1/../../../../arm-atollic-eabi/lib/armv7e-m/fpu\libstdc++_nano.a(class_type_info.o)
                0x08003af4                typeinfo name for __cxxabiv1::__class_type_info
 *fill*         0x08003b16        0x2 
 .rodata._ZTVN10__cxxabiv117__class_type_infoE
                0x08003b18       0x2c c:/program files (x86)/atollic/truestudio for stm32 9.1.1/armtools/bin/../lib/gcc/arm-atollic-eabi/6.3.1/../../../../arm-atollic-eabi/lib/armv7e-m/fpu\libstdc++_nano.a(class_type_info.o)
                0x08003b18                vtable for __cxxabiv1::__class_type_info
 .rodata._ZTISt9type_info
                0x08003b44        0x8 c:/program files (x86)/atollic/truestudio for stm32 9.1.1/armtools/bin/../lib/gcc/arm-atollic-eabi/6.3.1/../../../../arm-atollic-eabi/lib/armv7e-m/fpu\libstdc++_nano.a(tinfo.o)
                0x08003b44                typeinfo for std::type_info
 .rodata._ZTSSt9type_info
                0x08003b4c        0xd c:/program files (x86)/atollic/truestudio for stm32 9.1.1/armtools/bin/../lib/gcc/arm-atollic-eabi/6.3.1/../../../../arm-atollic-eabi/lib/armv7e-m/fpu\libstdc++_nano.a(tinfo.o)
                0x08003b4c                typeinfo name for std::type_info
 *fill*         0x08003b59        0x3 
 .rodata._ZTIN10__cxxabiv115__forced_unwindE
                0x08003b5c        0x8 c:/program files (x86)/atollic/truestudio for stm32 9.1.1/armtools/bin/../lib/gcc/arm-atollic-eabi/6.3.1/../../../../arm-atollic-eabi/lib/armv7e-m/fpu\libstdc++_nano.a(eh_exception.o)
                0x08003b5c                typeinfo for __cxxabiv1::__forced_unwind
 .rodata._ZTIN10__cxxabiv119__foreign_exceptionE
                0x08003b64        0x8 c:/program files (x86)/atollic/truestudio for stm32 9.1.1/armtools/bin/../lib/gcc/arm-atollic-eabi/6.3.1/../../../../arm-atollic-eabi/lib/armv7e-m/fpu\libstdc++_nano.a(eh_exception.o)
                0x08003b64                typeinfo for __cxxabiv1::__foreign_exception
 .rodata._ZTSN10__cxxabiv115__forced_unwindE
                0x08003b6c       0x20 c:/program files (x86)/atollic/truestudio for stm32 9.1.1/armtools/bin/../lib/gcc/arm-atollic-eabi/6.3.1/../../../../arm-atollic-eabi/lib/armv7e-m/fpu\libstdc++_nano.a(eh_exception.o)
                0x08003b6c                typeinfo name for __cxxabiv1::__forced_unwind
 .rodata._ZTSN10__cxxabiv119__foreign_exceptionE
                0x08003b8c       0x24 c:/program files (x86)/atollic/truestudio for stm32 9.1.1/armtools/bin/../lib/gcc/arm-atollic-eabi/6.3.1/../../../../arm-atollic-eabi/lib/armv7e-m/fpu\libstdc++_nano.a(eh_exception.o)
                0x08003b8c                typeinfo name for __cxxabiv1::__foreign_exception
 .rodata._ZTIN10__cxxabiv120__si_class_type_infoE
                0x08003bb0        0xc c:/program files (x86)/atollic/truestudio for stm32 9.1.1/armtools/bin/../lib/gcc/arm-atollic-eabi/6.3.1/../../../../arm-atollic-eabi/lib/armv7e-m/fpu\libstdc++_nano.a(si_class_type_info.o)
                0x08003bb0                typeinfo for __cxxabiv1::__si_class_type_info
 .rodata._ZTSN10__cxxabiv120__si_class_type_infoE
                0x08003bbc       0x25 c:/program files (x86)/atollic/truestudio for stm32 9.1.1/armtools/bin/../lib/gcc/arm-atollic-eabi/6.3.1/../../../../arm-atollic-eabi/lib/armv7e-m/fpu\libstdc++_nano.a(si_class_type_info.o)
                0x08003bbc                typeinfo name for __cxxabiv1::__si_class_type_info
 *fill*         0x08003be1        0x3 
 .rodata._ZTVN10__cxxabiv120__si_class_type_infoE
                0x08003be4       0x2c c:/program files (x86)/atollic/truestudio for stm32 9.1.1/armtools/bin/../lib/gcc/arm-atollic-eabi/6.3.1/../../../../arm-atollic-eabi/lib/armv7e-m/fpu\libstdc++_nano.a(si_class_type_info.o)
                0x08003be4                vtable for __cxxabiv1::__si_class_type_info
                0x08003c10                . = ALIGN (0x4)

.ARM.extab      0x08003c10       0xc8
 *(.ARM.extab* .gnu.linkonce.armextab.*)
 .ARM.extab.text._ZN20MAteeqEmulatedEEPROMD2Ev
                0x08003c10        0xc ClassObjects\MAteeqEmulatedEEPROM.o
 .ARM.extab.text._ZN20MAteeqEmulatedEEPROMD0Ev
                0x08003c1c        0xc ClassObjects\MAteeqEmulatedEEPROM.o
 .ARM.extab.text._ZN20MAteeqEmulatedEEPROM4InitEv
                0x08003c28        0xc ClassObjects\MAteeqEmulatedEEPROM.o
 .ARM.extab.text._ZN20MAteeqEmulatedEEPROM7PutCharEjh
                0x08003c34        0xc ClassObjects\MAteeqEmulatedEEPROM.o
 .ARM.extab.text._ZN20MAteeqEmulatedEEPROM26MemcpyToEEPROMwithChecksumEjPcj
                0x08003c40        0xc ClassObjects\MAteeqEmulatedEEPROM.o
 .ARM.extab.text._ZN20MAteeqEmulatedEEPROM9EE_FormatEv
                0x08003c4c        0xc ClassObjects\MAteeqEmulatedEEPROM.o
 .ARM.extab.text._ZN20MAteeqEmulatedEEPROM30EE_VerifyPageFullWriteVariableEtt
                0x08003c58        0xc ClassObjects\MAteeqEmulatedEEPROM.o
 .ARM.extab.text._ZN20MAteeqEmulatedEEPROM15EE_PageTransferEtt
                0x08003c64        0xc ClassObjects\MAteeqEmulatedEEPROM.o
 .ARM.extab.text._ZN20MAteeqEmulatedEEPROM7EE_InitEv
                0x08003c70        0xc ClassObjects\MAteeqEmulatedEEPROM.o
 .ARM.extab.text._ZN20MAteeqEmulatedEEPROM16EE_WriteVariableEtt
                0x08003c7c        0xc ClassObjects\MAteeqEmulatedEEPROM.o
 .ARM.extab.text.main
                0x08003c88       0x2c Src\main.o
 .ARM.extab.text._Z18SystemClock_Configv
                0x08003cb4        0xc Src\main.o
 .ARM.extab     0x08003cc0       0x18 c:/program files (x86)/atollic/truestudio for stm32 9.1.1/armtools/bin/../lib/gcc/arm-atollic-eabi/6.3.1/armv7e-m/fpu\libgcc.a(pr-support.o)

.ARM            0x08003cd8      0x150
                0x08003cd8                __exidx_start = .
 *(.ARM.exidx*)
 .ARM.exidx.text._ZN20MAteeqEmulatedEEPROMC2EjhhtNS_20EMULATED_EEPROM_SIZEE
                0x08003d90        0x0 ClassObjects\MAteeqEmulatedEEPROM.o
                                  0x8 (size before relaxing)
 .ARM.exidx.text._ZN20MAteeqEmulatedEEPROMD2Ev
                0x08003d90        0x8 ClassObjects\MAteeqEmulatedEEPROM.o
 .ARM.exidx.text._ZN20MAteeqEmulatedEEPROMD0Ev
                0x08003d98        0x8 ClassObjects\MAteeqEmulatedEEPROM.o
 .ARM.exidx.text._ZN20MAteeqEmulatedEEPROM4InitEv
                0x08003da0        0x8 ClassObjects\MAteeqEmulatedEEPROM.o
 .ARM.exidx.text._ZN20MAteeqEmulatedEEPROM7GetCharEj
                0x08003da8        0x8 ClassObjects\MAteeqEmulatedEEPROM.o
 .ARM.exidx.text._ZN20MAteeqEmulatedEEPROM7PutCharEjh
                0x08003db0        0x8 ClassObjects\MAteeqEmulatedEEPROM.o
 .ARM.exidx.text._ZN20MAteeqEmulatedEEPROM26MemcpyToEEPROMwithChecksumEjPcj
                0x08003db8        0x8 ClassObjects\MAteeqEmulatedEEPROM.o
 .ARM.exidx.text._ZN20MAteeqEmulatedEEPROM28MemcpyFromEEPROMwithChecksumEPcjj
                0x08003dc0        0x8 ClassObjects\MAteeqEmulatedEEPROM.o
 .ARM.exidx.text._ZN20MAteeqEmulatedEEPROM9EE_FormatEv
                0x08003dc8        0x8 ClassObjects\MAteeqEmulatedEEPROM.o
 .ARM.exidx.text._ZN20MAteeqEmulatedEEPROM16EE_FindValidPageEt
                0x08003dd0        0x8 ClassObjects\MAteeqEmulatedEEPROM.o
 .ARM.exidx.text._ZN20MAteeqEmulatedEEPROM30EE_VerifyPageFullWriteVariableEtt
                0x08003dd8        0x8 ClassObjects\MAteeqEmulatedEEPROM.o
 .ARM.exidx.text._ZN20MAteeqEmulatedEEPROM15EE_PageTransferEtt
                0x08003de0        0x8 ClassObjects\MAteeqEmulatedEEPROM.o
 .ARM.exidx.text._ZN20MAteeqEmulatedEEPROM24EE_VerifyPageFullyErasedEj
                0x08003de8        0x8 ClassObjects\MAteeqEmulatedEEPROM.o
 .ARM.exidx.text._ZN20MAteeqEmulatedEEPROM7EE_InitEv
                0x08003df0        0x8 ClassObjects\MAteeqEmulatedEEPROM.o
 .ARM.exidx.text._ZN20MAteeqEmulatedEEPROM15EE_ReadVariableEtPt
                0x08003df8        0x8 ClassObjects\MAteeqEmulatedEEPROM.o
 .ARM.exidx.text._ZN20MAteeqEmulatedEEPROM16EE_WriteVariableEtt
                0x08003e00       0x10 ClassObjects\MAteeqEmulatedEEPROM.o
                                  0x8 (size before relaxing)
 .ARM.exidx.text.main
                0x08003e10        0x8 Src\main.o
 .ARM.exidx.text._Z18SystemClock_Configv
                0x08003e18        0x8 Src\main.o
 .ARM.exidx.text._Z13Error_Handlerv
                0x08003e20        0x8 Src\main.o
 .ARM.exidx     0x08003cd8        0x8 c:/program files (x86)/atollic/truestudio for stm32 9.1.1/armtools/bin/../lib/gcc/arm-atollic-eabi/6.3.1/armv7e-m/fpu\libgcc.a(_udivmoddi4.o)
 .ARM.exidx     0x08003ce0       0x78 c:/program files (x86)/atollic/truestudio for stm32 9.1.1/armtools/bin/../lib/gcc/arm-atollic-eabi/6.3.1/armv7e-m/fpu\libgcc.a(unwind-arm.o)
                                 0xd8 (size before relaxing)
 .ARM.exidx     0x08003d58       0x38 c:/program files (x86)/atollic/truestudio for stm32 9.1.1/armtools/bin/../lib/gcc/arm-atollic-eabi/6.3.1/armv7e-m/fpu\libgcc.a(pr-support.o)
                                 0x48 (size before relaxing)
                0x08003e28                __exidx_end = .

.rel.dyn        0x08003e28        0x0
 .rel.iplt      0x08003e28        0x0 c:/program files (x86)/atollic/truestudio for stm32 9.1.1/armtools/bin/../lib/gcc/arm-atollic-eabi/6.3.1/armv7e-m/fpu/crtbegin.o

.preinit_array  0x08003e28        0x0
                0x08003e28                PROVIDE (__preinit_array_start, .)
 *(.preinit_array*)
                0x08003e28                PROVIDE (__preinit_array_end, .)

.init_array     0x08003e28        0x4
                0x08003e28                PROVIDE (__init_array_start, .)
 *(SORT(.init_array.*))
 *(.init_array*)
 .init_array    0x08003e28        0x4 c:/program files (x86)/atollic/truestudio for stm32 9.1.1/armtools/bin/../lib/gcc/arm-atollic-eabi/6.3.1/armv7e-m/fpu/crtbegin.o
                0x08003e2c                PROVIDE (__init_array_end, .)

.fini_array     0x08003e2c        0x4
                [!provide]                PROVIDE (__fini_array_start, .)
 *(SORT(.fini_array.*))
 *(.fini_array*)
 .fini_array    0x08003e2c        0x4 c:/program files (x86)/atollic/truestudio for stm32 9.1.1/armtools/bin/../lib/gcc/arm-atollic-eabi/6.3.1/armv7e-m/fpu/crtbegin.o
                [!provide]                PROVIDE (__fini_array_end, .)
                0x08003e30                _sidata = LOADADDR (.data)

.data           0x20000000       0x78 load address 0x08003e30
                0x20000000                . = ALIGN (0x4)
                0x20000000                _sdata = .
 *(.data)
 *(.data*)
 .data.uwTickFreq
                0x20000000        0x1 Drivers\STM32F4xx_HAL_Driver\Src\stm32f4xx_hal.o
                0x20000000                uwTickFreq
 *fill*         0x20000001        0x3 
 .data.uwTickPrio
                0x20000004        0x4 Drivers\STM32F4xx_HAL_Driver\Src\stm32f4xx_hal.o
                0x20000004                uwTickPrio
 .data.SystemCoreClock
                0x20000008        0x4 Src\system_stm32f4xx.o
                0x20000008                SystemCoreClock
 .data._ZN10__cxxabiv119__terminate_handlerE
                0x2000000c        0x4 c:/program files (x86)/atollic/truestudio for stm32 9.1.1/armtools/bin/../lib/gcc/arm-atollic-eabi/6.3.1/../../../../arm-atollic-eabi/lib/armv7e-m/fpu\libstdc++_nano.a(eh_term_handler.o)
                0x2000000c                __cxxabiv1::__terminate_handler
 .data._ZN10__cxxabiv120__unexpected_handlerE
                0x20000010        0x4 c:/program files (x86)/atollic/truestudio for stm32 9.1.1/armtools/bin/../lib/gcc/arm-atollic-eabi/6.3.1/../../../../arm-atollic-eabi/lib/armv7e-m/fpu\libstdc++_nano.a(eh_unex_handler.o)
                0x20000010                __cxxabiv1::__unexpected_handler
 .data._impure_ptr
                0x20000014        0x4 c:/program files (x86)/atollic/truestudio for stm32 9.1.1/armtools/bin/../lib/gcc/arm-atollic-eabi/6.3.1/../../../../arm-atollic-eabi/lib/armv7e-m/fpu\libc_nano.a(lib_a-impure.o)
                0x20000014                _impure_ptr
 .data.impure_data
                0x20000018       0x60 c:/program files (x86)/atollic/truestudio for stm32 9.1.1/armtools/bin/../lib/gcc/arm-atollic-eabi/6.3.1/../../../../arm-atollic-eabi/lib/armv7e-m/fpu\libc_nano.a(lib_a-impure.o)
                0x20000078                . = ALIGN (0x4)
                0x20000078                _edata = .

.igot.plt       0x20000078        0x0 load address 0x08003ea8
 .igot.plt      0x20000078        0x0 c:/program files (x86)/atollic/truestudio for stm32 9.1.1/armtools/bin/../lib/gcc/arm-atollic-eabi/6.3.1/armv7e-m/fpu/crtbegin.o
                0x20000078                . = ALIGN (0x4)

.bss            0x20000078       0x60 load address 0x08003ea8
                0x20000078                _sbss = .
                0x20000078                __bss_start__ = _sbss
 *(.bss)
 .bss           0x20000078       0x1c c:/program files (x86)/atollic/truestudio for stm32 9.1.1/armtools/bin/../lib/gcc/arm-atollic-eabi/6.3.1/armv7e-m/fpu/crtbegin.o
 *(.bss*)
 .bss._ZN12_GLOBAL__N_113__new_handlerE
                0x20000094        0x4 c:/program files (x86)/atollic/truestudio for stm32 9.1.1/armtools/bin/../lib/gcc/arm-atollic-eabi/6.3.1/../../../../arm-atollic-eabi/lib/armv7e-m/fpu\libstdc++_nano.a(new_handler.o)
 .bss._ZL10eh_globals
                0x20000098        0xc c:/program files (x86)/atollic/truestudio for stm32 9.1.1/armtools/bin/../lib/gcc/arm-atollic-eabi/6.3.1/../../../../arm-atollic-eabi/lib/armv7e-m/fpu\libstdc++_nano.a(eh_globals.o)
 .bss.__malloc_free_list
                0x200000a4        0x4 c:/program files (x86)/atollic/truestudio for stm32 9.1.1/armtools/bin/../lib/gcc/arm-atollic-eabi/6.3.1/../../../../arm-atollic-eabi/lib/armv7e-m/fpu\libc_nano.a(lib_a-nano-mallocr.o)
                0x200000a4                __malloc_free_list
 .bss.__malloc_sbrk_start
                0x200000a8        0x4 c:/program files (x86)/atollic/truestudio for stm32 9.1.1/armtools/bin/../lib/gcc/arm-atollic-eabi/6.3.1/../../../../arm-atollic-eabi/lib/armv7e-m/fpu\libc_nano.a(lib_a-nano-mallocr.o)
                0x200000a8                __malloc_sbrk_start
 .bss.heap_end.5239
                0x200000ac        0x4 c:/program files (x86)/atollic/truestudio for stm32 9.1.1/armtools/bin/../lib/gcc/arm-atollic-eabi/6.3.1/../../../../arm-atollic-eabi/lib/armv7e-m/fpu\libnosys.a(sbrk.o)
 *(COMMON)
 COMMON         0x200000b0        0x4 Drivers\STM32F4xx_HAL_Driver\Src\stm32f4xx_hal.o
                0x200000b0                uwTick
 COMMON         0x200000b4       0x20 Drivers\STM32F4xx_HAL_Driver\Src\stm32f4xx_hal_flash.o
                0x200000b4                pFlash
 COMMON         0x200000d4        0x4 c:/program files (x86)/atollic/truestudio for stm32 9.1.1/armtools/bin/../lib/gcc/arm-atollic-eabi/6.3.1/../../../../arm-atollic-eabi/lib/armv7e-m/fpu\libc_nano.a(lib_a-reent.o)
                0x200000d4                errno
                0x200000d8                . = ALIGN (0x4)
                0x200000d8                _ebss = .
                0x200000d8                __bss_end__ = _ebss

._user_heap_stack
                0x200000d8      0x600 load address 0x08003ea8
                0x200000d8                . = ALIGN (0x4)
                0x200000d8                PROVIDE (end, .)
                [!provide]                PROVIDE (_end, .)
                0x200002d8                . = (. + _Min_Heap_Size)
 *fill*         0x200000d8      0x200 
                0x200006d8                . = (. + _Min_Stack_Size)
 *fill*         0x200002d8      0x400 
                0x200006d8                . = ALIGN (0x4)

/DISCARD/
 libc.a(*)
 libm.a(*)
 libgcc.a(*)

.ARM.attributes
                0x00000000       0x30
 *(.ARM.attributes)
 .ARM.attributes
                0x00000000       0x22 c:/program files (x86)/atollic/truestudio for stm32 9.1.1/armtools/bin/../lib/gcc/arm-atollic-eabi/6.3.1/armv7e-m/fpu/crti.o
 .ARM.attributes
                0x00000022       0x34 c:/program files (x86)/atollic/truestudio for stm32 9.1.1/armtools/bin/../lib/gcc/arm-atollic-eabi/6.3.1/armv7e-m/fpu/crtbegin.o
 .ARM.attributes
                0x00000056       0x39 ClassObjects\MAteeqEmulatedEEPROM.o
 .ARM.attributes
                0x0000008f       0x39 Drivers\STM32F4xx_HAL_Driver\Src\stm32f4xx_hal.o
 .ARM.attributes
                0x000000c8       0x39 Drivers\STM32F4xx_HAL_Driver\Src\stm32f4xx_hal_cortex.o
 .ARM.attributes
                0x00000101       0x39 Drivers\STM32F4xx_HAL_Driver\Src\stm32f4xx_hal_flash.o
 .ARM.attributes
                0x0000013a       0x39 Drivers\STM32F4xx_HAL_Driver\Src\stm32f4xx_hal_flash_ex.o
 .ARM.attributes
                0x00000173       0x39 Drivers\STM32F4xx_HAL_Driver\Src\stm32f4xx_hal_rcc.o
 .ARM.attributes
                0x000001ac       0x39 Src\main.o
 .ARM.attributes
                0x000001e5       0x39 Src\stm32f4xx_hal_msp.o
 .ARM.attributes
                0x0000021e       0x39 Src\stm32f4xx_it.o
 .ARM.attributes
                0x00000257       0x39 Src\system_stm32f4xx.o
 .ARM.attributes
                0x00000290       0x21 startup\startup_stm32f401xe.o
 .ARM.attributes
                0x000002b1       0x34 c:/program files (x86)/atollic/truestudio for stm32 9.1.1/armtools/bin/../lib/gcc/arm-atollic-eabi/6.3.1/../../../../arm-atollic-eabi/lib/armv7e-m/fpu\libstdc++_nano.a(del_op.o)
 .ARM.attributes
                0x000002e5       0x34 c:/program files (x86)/atollic/truestudio for stm32 9.1.1/armtools/bin/../lib/gcc/arm-atollic-eabi/6.3.1/../../../../arm-atollic-eabi/lib/armv7e-m/fpu\libstdc++_nano.a(new_op.o)
 .ARM.attributes
                0x00000319       0x34 c:/program files (x86)/atollic/truestudio for stm32 9.1.1/armtools/bin/../lib/gcc/arm-atollic-eabi/6.3.1/../../../../arm-atollic-eabi/lib/armv7e-m/fpu\libstdc++_nano.a(eh_arm.o)
 .ARM.attributes
                0x0000034d       0x34 c:/program files (x86)/atollic/truestudio for stm32 9.1.1/armtools/bin/../lib/gcc/arm-atollic-eabi/6.3.1/../../../../arm-atollic-eabi/lib/armv7e-m/fpu\libstdc++_nano.a(new_handler.o)
 .ARM.attributes
                0x00000381       0x34 c:/program files (x86)/atollic/truestudio for stm32 9.1.1/armtools/bin/../lib/gcc/arm-atollic-eabi/6.3.1/../../../../arm-atollic-eabi/lib/armv7e-m/fpu\libstdc++_nano.a(class_type_info.o)
 .ARM.attributes
                0x000003b5       0x34 c:/program files (x86)/atollic/truestudio for stm32 9.1.1/armtools/bin/../lib/gcc/arm-atollic-eabi/6.3.1/../../../../arm-atollic-eabi/lib/armv7e-m/fpu\libstdc++_nano.a(tinfo.o)
 .ARM.attributes
                0x000003e9       0x34 c:/program files (x86)/atollic/truestudio for stm32 9.1.1/armtools/bin/../lib/gcc/arm-atollic-eabi/6.3.1/../../../../arm-atollic-eabi/lib/armv7e-m/fpu\libstdc++_nano.a(eh_exception.o)
 .ARM.attributes
                0x0000041d       0x34 c:/program files (x86)/atollic/truestudio for stm32 9.1.1/armtools/bin/../lib/gcc/arm-atollic-eabi/6.3.1/../../../../arm-atollic-eabi/lib/armv7e-m/fpu\libstdc++_nano.a(si_class_type_info.o)
 .ARM.attributes
                0x00000451       0x34 c:/program files (x86)/atollic/truestudio for stm32 9.1.1/armtools/bin/../lib/gcc/arm-atollic-eabi/6.3.1/../../../../arm-atollic-eabi/lib/armv7e-m/fpu\libstdc++_nano.a(eh_call.o)
 .ARM.attributes
                0x00000485       0x34 c:/program files (x86)/atollic/truestudio for stm32 9.1.1/armtools/bin/../lib/gcc/arm-atollic-eabi/6.3.1/../../../../arm-atollic-eabi/lib/armv7e-m/fpu\libstdc++_nano.a(eh_catch.o)
 .ARM.attributes
                0x000004b9       0x34 c:/program files (x86)/atollic/truestudio for stm32 9.1.1/armtools/bin/../lib/gcc/arm-atollic-eabi/6.3.1/../../../../arm-atollic-eabi/lib/armv7e-m/fpu\libstdc++_nano.a(eh_terminate.o)
 .ARM.attributes
                0x000004ed       0x34 c:/program files (x86)/atollic/truestudio for stm32 9.1.1/armtools/bin/../lib/gcc/arm-atollic-eabi/6.3.1/../../../../arm-atollic-eabi/lib/armv7e-m/fpu\libstdc++_nano.a(eh_globals.o)
 .ARM.attributes
                0x00000521       0x34 c:/program files (x86)/atollic/truestudio for stm32 9.1.1/armtools/bin/../lib/gcc/arm-atollic-eabi/6.3.1/../../../../arm-atollic-eabi/lib/armv7e-m/fpu\libstdc++_nano.a(eh_term_handler.o)
 .ARM.attributes
                0x00000555       0x34 c:/program files (x86)/atollic/truestudio for stm32 9.1.1/armtools/bin/../lib/gcc/arm-atollic-eabi/6.3.1/../../../../arm-atollic-eabi/lib/armv7e-m/fpu\libstdc++_nano.a(del_ops.o)
 .ARM.attributes
                0x00000589       0x34 c:/program files (x86)/atollic/truestudio for stm32 9.1.1/armtools/bin/../lib/gcc/arm-atollic-eabi/6.3.1/../../../../arm-atollic-eabi/lib/armv7e-m/fpu\libstdc++_nano.a(eh_unex_handler.o)
 .ARM.attributes
                0x000005bd       0x34 c:/program files (x86)/atollic/truestudio for stm32 9.1.1/armtools/bin/../lib/gcc/arm-atollic-eabi/6.3.1/../../../../arm-atollic-eabi/lib/armv7e-m/fpu\libc_nano.a(lib_a-abort.o)
 .ARM.attributes
                0x000005f1       0x34 c:/program files (x86)/atollic/truestudio for stm32 9.1.1/armtools/bin/../lib/gcc/arm-atollic-eabi/6.3.1/../../../../arm-atollic-eabi/lib/armv7e-m/fpu\libc_nano.a(lib_a-init.o)
 .ARM.attributes
                0x00000625       0x34 c:/program files (x86)/atollic/truestudio for stm32 9.1.1/armtools/bin/../lib/gcc/arm-atollic-eabi/6.3.1/../../../../arm-atollic-eabi/lib/armv7e-m/fpu\libc_nano.a(lib_a-malloc.o)
 .ARM.attributes
                0x00000659       0x34 c:/program files (x86)/atollic/truestudio for stm32 9.1.1/armtools/bin/../lib/gcc/arm-atollic-eabi/6.3.1/../../../../arm-atollic-eabi/lib/armv7e-m/fpu\libc_nano.a(lib_a-memset.o)
 .ARM.attributes
                0x0000068d       0x34 c:/program files (x86)/atollic/truestudio for stm32 9.1.1/armtools/bin/../lib/gcc/arm-atollic-eabi/6.3.1/../../../../arm-atollic-eabi/lib/armv7e-m/fpu\libc_nano.a(lib_a-nano-freer.o)
 .ARM.attributes
                0x000006c1       0x34 c:/program files (x86)/atollic/truestudio for stm32 9.1.1/armtools/bin/../lib/gcc/arm-atollic-eabi/6.3.1/../../../../arm-atollic-eabi/lib/armv7e-m/fpu\libc_nano.a(lib_a-nano-mallocr.o)
 .ARM.attributes
                0x000006f5       0x34 c:/program files (x86)/atollic/truestudio for stm32 9.1.1/armtools/bin/../lib/gcc/arm-atollic-eabi/6.3.1/../../../../arm-atollic-eabi/lib/armv7e-m/fpu\libc_nano.a(lib_a-sbrkr.o)
 .ARM.attributes
                0x00000729       0x34 c:/program files (x86)/atollic/truestudio for stm32 9.1.1/armtools/bin/../lib/gcc/arm-atollic-eabi/6.3.1/../../../../arm-atollic-eabi/lib/armv7e-m/fpu\libc_nano.a(lib_a-signal.o)
 .ARM.attributes
                0x0000075d       0x34 c:/program files (x86)/atollic/truestudio for stm32 9.1.1/armtools/bin/../lib/gcc/arm-atollic-eabi/6.3.1/../../../../arm-atollic-eabi/lib/armv7e-m/fpu\libc_nano.a(lib_a-signalr.o)
 .ARM.attributes
                0x00000791       0x20 c:/program files (x86)/atollic/truestudio for stm32 9.1.1/armtools/bin/../lib/gcc/arm-atollic-eabi/6.3.1/../../../../arm-atollic-eabi/lib/armv7e-m/fpu\libc_nano.a(lib_a-strcmp.o)
 .ARM.attributes
                0x000007b1       0x34 c:/program files (x86)/atollic/truestudio for stm32 9.1.1/armtools/bin/../lib/gcc/arm-atollic-eabi/6.3.1/../../../../arm-atollic-eabi/lib/armv7e-m/fpu\libc_nano.a(lib_a-impure.o)
 .ARM.attributes
                0x000007e5       0x34 c:/program files (x86)/atollic/truestudio for stm32 9.1.1/armtools/bin/../lib/gcc/arm-atollic-eabi/6.3.1/../../../../arm-atollic-eabi/lib/armv7e-m/fpu\libc_nano.a(lib_a-mlock.o)
 .ARM.attributes
                0x00000819       0x34 c:/program files (x86)/atollic/truestudio for stm32 9.1.1/armtools/bin/../lib/gcc/arm-atollic-eabi/6.3.1/../../../../arm-atollic-eabi/lib/armv7e-m/fpu\libc_nano.a(lib_a-reent.o)
 .ARM.attributes
                0x0000084d       0x22 c:/program files (x86)/atollic/truestudio for stm32 9.1.1/armtools/bin/../lib/gcc/arm-atollic-eabi/6.3.1/armv7e-m/fpu\libgcc.a(_aeabi_uldivmod.o)
 .ARM.attributes
                0x0000086f       0x34 c:/program files (x86)/atollic/truestudio for stm32 9.1.1/armtools/bin/../lib/gcc/arm-atollic-eabi/6.3.1/armv7e-m/fpu\libgcc.a(_udivmoddi4.o)
 .ARM.attributes
                0x000008a3       0x34 c:/program files (x86)/atollic/truestudio for stm32 9.1.1/armtools/bin/../lib/gcc/arm-atollic-eabi/6.3.1/armv7e-m/fpu\libgcc.a(unwind-arm.o)
 .ARM.attributes
                0x000008d7       0x22 c:/program files (x86)/atollic/truestudio for stm32 9.1.1/armtools/bin/../lib/gcc/arm-atollic-eabi/6.3.1/armv7e-m/fpu\libgcc.a(libunwind.o)
 .ARM.attributes
                0x000008f9       0x34 c:/program files (x86)/atollic/truestudio for stm32 9.1.1/armtools/bin/../lib/gcc/arm-atollic-eabi/6.3.1/armv7e-m/fpu\libgcc.a(pr-support.o)
 .ARM.attributes
                0x0000092d       0x22 c:/program files (x86)/atollic/truestudio for stm32 9.1.1/armtools/bin/../lib/gcc/arm-atollic-eabi/6.3.1/armv7e-m/fpu\libgcc.a(_dvmd_tls.o)
 .ARM.attributes
                0x0000094f       0x34 c:/program files (x86)/atollic/truestudio for stm32 9.1.1/armtools/bin/../lib/gcc/arm-atollic-eabi/6.3.1/../../../../arm-atollic-eabi/lib/armv7e-m/fpu\libc_nano.a(lib_a-memcpy-stub.o)
 .ARM.attributes
                0x00000983       0x34 c:/program files (x86)/atollic/truestudio for stm32 9.1.1/armtools/bin/../lib/gcc/arm-atollic-eabi/6.3.1/../../../../arm-atollic-eabi/lib/armv7e-m/fpu\libnosys.a(getpid.o)
 .ARM.attributes
                0x000009b7       0x34 c:/program files (x86)/atollic/truestudio for stm32 9.1.1/armtools/bin/../lib/gcc/arm-atollic-eabi/6.3.1/../../../../arm-atollic-eabi/lib/armv7e-m/fpu\libnosys.a(kill.o)
 .ARM.attributes
                0x000009eb       0x34 c:/program files (x86)/atollic/truestudio for stm32 9.1.1/armtools/bin/../lib/gcc/arm-atollic-eabi/6.3.1/../../../../arm-atollic-eabi/lib/armv7e-m/fpu\libnosys.a(sbrk.o)
 .ARM.attributes
                0x00000a1f       0x34 c:/program files (x86)/atollic/truestudio for stm32 9.1.1/armtools/bin/../lib/gcc/arm-atollic-eabi/6.3.1/../../../../arm-atollic-eabi/lib/armv7e-m/fpu\libnosys.a(_exit.o)
 .ARM.attributes
                0x00000a53       0x22 c:/program files (x86)/atollic/truestudio for stm32 9.1.1/armtools/bin/../lib/gcc/arm-atollic-eabi/6.3.1/armv7e-m/fpu/crtn.o
OUTPUT(EmulatedEEPROM_Cplusplus.elf elf32-littlearm)

.debug_info     0x00000000     0xa20c
 .debug_info    0x00000000     0x14ae ClassObjects\MAteeqEmulatedEEPROM.o
 .debug_info    0x000014ae     0x117a Drivers\STM32F4xx_HAL_Driver\Src\stm32f4xx_hal.o
 .debug_info    0x00002628     0x16ae Drivers\STM32F4xx_HAL_Driver\Src\stm32f4xx_hal_cortex.o
 .debug_info    0x00003cd6      0xf55 Drivers\STM32F4xx_HAL_Driver\Src\stm32f4xx_hal_flash.o
 .debug_info    0x00004c2b     0x125d Drivers\STM32F4xx_HAL_Driver\Src\stm32f4xx_hal_flash_ex.o
 .debug_info    0x00005e88     0x1293 Drivers\STM32F4xx_HAL_Driver\Src\stm32f4xx_hal_rcc.o
 .debug_info    0x0000711b      0xe0a Src\main.o
 .debug_info    0x00007f25      0xb4f Src\stm32f4xx_hal_msp.o
 .debug_info    0x00008a74      0x9c9 Src\stm32f4xx_it.o
 .debug_info    0x0000943d      0xd46 Src\system_stm32f4xx.o
 .debug_info    0x0000a183       0x89 startup\startup_stm32f401xe.o

.debug_abbrev   0x00000000     0x1ba2
 .debug_abbrev  0x00000000      0x364 ClassObjects\MAteeqEmulatedEEPROM.o
 .debug_abbrev  0x00000364      0x308 Drivers\STM32F4xx_HAL_Driver\Src\stm32f4xx_hal.o
 .debug_abbrev  0x0000066c      0x399 Drivers\STM32F4xx_HAL_Driver\Src\stm32f4xx_hal_cortex.o
 .debug_abbrev  0x00000a05      0x369 Drivers\STM32F4xx_HAL_Driver\Src\stm32f4xx_hal_flash.o
 .debug_abbrev  0x00000d6e      0x365 Drivers\STM32F4xx_HAL_Driver\Src\stm32f4xx_hal_flash_ex.o
 .debug_abbrev  0x000010d3      0x353 Drivers\STM32F4xx_HAL_Driver\Src\stm32f4xx_hal_rcc.o
 .debug_abbrev  0x00001426      0x217 Src\main.o
 .debug_abbrev  0x0000163d      0x1a8 Src\stm32f4xx_hal_msp.o
 .debug_abbrev  0x000017e5      0x1e1 Src\stm32f4xx_it.o
 .debug_abbrev  0x000019c6      0x1ca Src\system_stm32f4xx.o
 .debug_abbrev  0x00001b90       0x12 startup\startup_stm32f401xe.o

.debug_aranges  0x00000000      0x488
 .debug_aranges
                0x00000000       0x98 ClassObjects\MAteeqEmulatedEEPROM.o
 .debug_aranges
                0x00000098       0xd8 Drivers\STM32F4xx_HAL_Driver\Src\stm32f4xx_hal.o
 .debug_aranges
                0x00000170       0xa8 Drivers\STM32F4xx_HAL_Driver\Src\stm32f4xx_hal_cortex.o
 .debug_aranges
                0x00000218       0x90 Drivers\STM32F4xx_HAL_Driver\Src\stm32f4xx_hal_flash.o
 .debug_aranges
                0x000002a8       0x70 Drivers\STM32F4xx_HAL_Driver\Src\stm32f4xx_hal_flash_ex.o
 .debug_aranges
                0x00000318       0x88 Drivers\STM32F4xx_HAL_Driver\Src\stm32f4xx_hal_rcc.o
 .debug_aranges
                0x000003a0       0x30 Src\main.o
 .debug_aranges
                0x000003d0       0x20 Src\stm32f4xx_hal_msp.o
 .debug_aranges
                0x000003f0       0x48 Src\stm32f4xx_it.o
 .debug_aranges
                0x00000438       0x28 Src\system_stm32f4xx.o
 .debug_aranges
                0x00000460       0x28 startup\startup_stm32f401xe.o

.debug_ranges   0x00000000      0x598
 .debug_ranges  0x00000000       0x88 ClassObjects\MAteeqEmulatedEEPROM.o
 .debug_ranges  0x00000088       0xc8 Drivers\STM32F4xx_HAL_Driver\Src\stm32f4xx_hal.o
 .debug_ranges  0x00000150      0x138 Drivers\STM32F4xx_HAL_Driver\Src\stm32f4xx_hal_cortex.o
 .debug_ranges  0x00000288       0xb0 Drivers\STM32F4xx_HAL_Driver\Src\stm32f4xx_hal_flash.o
 .debug_ranges  0x00000338      0x110 Drivers\STM32F4xx_HAL_Driver\Src\stm32f4xx_hal_flash_ex.o
 .debug_ranges  0x00000448       0xb0 Drivers\STM32F4xx_HAL_Driver\Src\stm32f4xx_hal_rcc.o
 .debug_ranges  0x000004f8       0x20 Src\main.o
 .debug_ranges  0x00000518       0x10 Src\stm32f4xx_hal_msp.o
 .debug_ranges  0x00000528       0x38 Src\stm32f4xx_it.o
 .debug_ranges  0x00000560       0x18 Src\system_stm32f4xx.o
 .debug_ranges  0x00000578       0x20 startup\startup_stm32f401xe.o

.debug_line     0x00000000     0x2994
 .debug_line    0x00000000      0x589 ClassObjects\MAteeqEmulatedEEPROM.o
 .debug_line    0x00000589      0x492 Drivers\STM32F4xx_HAL_Driver\Src\stm32f4xx_hal.o
 .debug_line    0x00000a1b      0x4dc Drivers\STM32F4xx_HAL_Driver\Src\stm32f4xx_hal_cortex.o
 .debug_line    0x00000ef7      0x4e1 Drivers\STM32F4xx_HAL_Driver\Src\stm32f4xx_hal_flash.o
 .debug_line    0x000013d8      0x4fe Drivers\STM32F4xx_HAL_Driver\Src\stm32f4xx_hal_flash_ex.o
 .debug_line    0x000018d6      0x58b Drivers\STM32F4xx_HAL_Driver\Src\stm32f4xx_hal_rcc.o
 .debug_line    0x00001e61      0x347 Src\main.o
 .debug_line    0x000021a8      0x245 Src\stm32f4xx_hal_msp.o
 .debug_line    0x000023ed      0x2b3 Src\stm32f4xx_it.o
 .debug_line    0x000026a0      0x275 Src\system_stm32f4xx.o
 .debug_line    0x00002915       0x7f startup\startup_stm32f401xe.o

.debug_str      0x00000000     0x27d3
 .debug_str     0x00000000     0x10d1 ClassObjects\MAteeqEmulatedEEPROM.o
                               0x1225 (size before relaxing)
 .debug_str     0x000010d1      0x846 Drivers\STM32F4xx_HAL_Driver\Src\stm32f4xx_hal.o
                                0xe7b (size before relaxing)
 .debug_str     0x00001917      0x3db Drivers\STM32F4xx_HAL_Driver\Src\stm32f4xx_hal_cortex.o
                                0xf40 (size before relaxing)
 .debug_str     0x00001cf2      0x2ee Drivers\STM32F4xx_HAL_Driver\Src\stm32f4xx_hal_flash.o
                                0x9dc (size before relaxing)
 .debug_str     0x00001fe0      0x2ae Drivers\STM32F4xx_HAL_Driver\Src\stm32f4xx_hal_flash_ex.o
                                0xb05 (size before relaxing)
 .debug_str     0x0000228e      0x2fb Drivers\STM32F4xx_HAL_Driver\Src\stm32f4xx_hal_rcc.o
                                0xb5d (size before relaxing)
 .debug_str     0x00002589      0x144 Src\main.o
                                0xa95 (size before relaxing)
 .debug_str     0x000026cd       0x1b Src\stm32f4xx_hal_msp.o
                                0x772 (size before relaxing)
 .debug_str     0x000026e8       0xa6 Src\stm32f4xx_it.o
                                0x6e8 (size before relaxing)
 .debug_str     0x0000278e       0x45 Src\system_stm32f4xx.o
                                0x7ee (size before relaxing)

.comment        0x00000000       0x7c
 .comment       0x00000000       0x7c ClassObjects\MAteeqEmulatedEEPROM.o
                                 0x7d (size before relaxing)
 .comment       0x0000007c       0x7d Drivers\STM32F4xx_HAL_Driver\Src\stm32f4xx_hal.o
 .comment       0x0000007c       0x7d Drivers\STM32F4xx_HAL_Driver\Src\stm32f4xx_hal_cortex.o
 .comment       0x0000007c       0x7d Drivers\STM32F4xx_HAL_Driver\Src\stm32f4xx_hal_flash.o
 .comment       0x0000007c       0x7d Drivers\STM32F4xx_HAL_Driver\Src\stm32f4xx_hal_flash_ex.o
 .comment       0x0000007c       0x7d Drivers\STM32F4xx_HAL_Driver\Src\stm32f4xx_hal_rcc.o
 .comment       0x0000007c       0x7d Src\main.o
 .comment       0x0000007c       0x7d Src\stm32f4xx_hal_msp.o
 .comment       0x0000007c       0x7d Src\stm32f4xx_it.o
 .comment       0x0000007c       0x7d Src\system_stm32f4xx.o

.debug_frame    0x00000000     0x1858
 .debug_frame   0x00000000      0x264 ClassObjects\MAteeqEmulatedEEPROM.o
 .debug_frame   0x00000264      0x1d0 Drivers\STM32F4xx_HAL_Driver\Src\stm32f4xx_hal.o
 .debug_frame   0x00000434      0x158 Drivers\STM32F4xx_HAL_Driver\Src\stm32f4xx_hal_cortex.o
 .debug_frame   0x0000058c      0x154 Drivers\STM32F4xx_HAL_Driver\Src\stm32f4xx_hal_flash.o
 .debug_frame   0x000006e0       0xf0 Drivers\STM32F4xx_HAL_Driver\Src\stm32f4xx_hal_flash_ex.o
 .debug_frame   0x000007d0      0x13c Drivers\STM32F4xx_HAL_Driver\Src\stm32f4xx_hal_rcc.o
 .debug_frame   0x0000090c       0x74 Src\main.o
 .debug_frame   0x00000980       0x28 Src\stm32f4xx_hal_msp.o
 .debug_frame   0x000009a8       0xa0 Src\stm32f4xx_it.o
 .debug_frame   0x00000a48       0x38 Src\system_stm32f4xx.o
 .debug_frame   0x00000a80       0x20 c:/program files (x86)/atollic/truestudio for stm32 9.1.1/armtools/bin/../lib/gcc/arm-atollic-eabi/6.3.1/../../../../arm-atollic-eabi/lib/armv7e-m/fpu\libstdc++_nano.a(del_op.o)
 .debug_frame   0x00000aa0       0x28 c:/program files (x86)/atollic/truestudio for stm32 9.1.1/armtools/bin/../lib/gcc/arm-atollic-eabi/6.3.1/../../../../arm-atollic-eabi/lib/armv7e-m/fpu\libstdc++_nano.a(new_op.o)
 .debug_frame   0x00000ac8       0x78 c:/program files (x86)/atollic/truestudio for stm32 9.1.1/armtools/bin/../lib/gcc/arm-atollic-eabi/6.3.1/../../../../arm-atollic-eabi/lib/armv7e-m/fpu\libstdc++_nano.a(eh_arm.o)
 .debug_frame   0x00000b40       0x30 c:/program files (x86)/atollic/truestudio for stm32 9.1.1/armtools/bin/../lib/gcc/arm-atollic-eabi/6.3.1/../../../../arm-atollic-eabi/lib/armv7e-m/fpu\libstdc++_nano.a(new_handler.o)
 .debug_frame   0x00000b70       0xd8 c:/program files (x86)/atollic/truestudio for stm32 9.1.1/armtools/bin/../lib/gcc/arm-atollic-eabi/6.3.1/../../../../arm-atollic-eabi/lib/armv7e-m/fpu\libstdc++_nano.a(class_type_info.o)
 .debug_frame   0x00000c48       0x80 c:/program files (x86)/atollic/truestudio for stm32 9.1.1/armtools/bin/../lib/gcc/arm-atollic-eabi/6.3.1/../../../../arm-atollic-eabi/lib/armv7e-m/fpu\libstdc++_nano.a(tinfo.o)
 .debug_frame   0x00000cc8       0xf0 c:/program files (x86)/atollic/truestudio for stm32 9.1.1/armtools/bin/../lib/gcc/arm-atollic-eabi/6.3.1/../../../../arm-atollic-eabi/lib/armv7e-m/fpu\libstdc++_nano.a(eh_exception.o)
 .debug_frame   0x00000db8       0xd8 c:/program files (x86)/atollic/truestudio for stm32 9.1.1/armtools/bin/../lib/gcc/arm-atollic-eabi/6.3.1/../../../../arm-atollic-eabi/lib/armv7e-m/fpu\libstdc++_nano.a(si_class_type_info.o)
 .debug_frame   0x00000e90       0x54 c:/program files (x86)/atollic/truestudio for stm32 9.1.1/armtools/bin/../lib/gcc/arm-atollic-eabi/6.3.1/../../../../arm-atollic-eabi/lib/armv7e-m/fpu\libstdc++_nano.a(eh_call.o)
 .debug_frame   0x00000ee4       0x8c c:/program files (x86)/atollic/truestudio for stm32 9.1.1/armtools/bin/../lib/gcc/arm-atollic-eabi/6.3.1/../../../../arm-atollic-eabi/lib/armv7e-m/fpu\libstdc++_nano.a(eh_catch.o)
 .debug_frame   0x00000f70       0xb0 c:/program files (x86)/atollic/truestudio for stm32 9.1.1/armtools/bin/../lib/gcc/arm-atollic-eabi/6.3.1/../../../../arm-atollic-eabi/lib/armv7e-m/fpu\libstdc++_nano.a(eh_terminate.o)
 .debug_frame   0x00001020       0x30 c:/program files (x86)/atollic/truestudio for stm32 9.1.1/armtools/bin/../lib/gcc/arm-atollic-eabi/6.3.1/../../../../arm-atollic-eabi/lib/armv7e-m/fpu\libstdc++_nano.a(eh_globals.o)
 .debug_frame   0x00001050       0x20 c:/program files (x86)/atollic/truestudio for stm32 9.1.1/armtools/bin/../lib/gcc/arm-atollic-eabi/6.3.1/../../../../arm-atollic-eabi/lib/armv7e-m/fpu\libstdc++_nano.a(del_ops.o)
 .debug_frame   0x00001070       0x28 c:/program files (x86)/atollic/truestudio for stm32 9.1.1/armtools/bin/../lib/gcc/arm-atollic-eabi/6.3.1/../../../../arm-atollic-eabi/lib/armv7e-m/fpu\libc_nano.a(lib_a-abort.o)
 .debug_frame   0x00001098       0x2c c:/program files (x86)/atollic/truestudio for stm32 9.1.1/armtools/bin/../lib/gcc/arm-atollic-eabi/6.3.1/../../../../arm-atollic-eabi/lib/armv7e-m/fpu\libc_nano.a(lib_a-init.o)
 .debug_frame   0x000010c4       0x30 c:/program files (x86)/atollic/truestudio for stm32 9.1.1/armtools/bin/../lib/gcc/arm-atollic-eabi/6.3.1/../../../../arm-atollic-eabi/lib/armv7e-m/fpu\libc_nano.a(lib_a-malloc.o)
 .debug_frame   0x000010f4       0x20 c:/program files (x86)/atollic/truestudio for stm32 9.1.1/armtools/bin/../lib/gcc/arm-atollic-eabi/6.3.1/../../../../arm-atollic-eabi/lib/armv7e-m/fpu\libc_nano.a(lib_a-memset.o)
 .debug_frame   0x00001114       0x38 c:/program files (x86)/atollic/truestudio for stm32 9.1.1/armtools/bin/../lib/gcc/arm-atollic-eabi/6.3.1/../../../../arm-atollic-eabi/lib/armv7e-m/fpu\libc_nano.a(lib_a-nano-freer.o)
 .debug_frame   0x0000114c       0x2c c:/program files (x86)/atollic/truestudio for stm32 9.1.1/armtools/bin/../lib/gcc/arm-atollic-eabi/6.3.1/../../../../arm-atollic-eabi/lib/armv7e-m/fpu\libc_nano.a(lib_a-nano-mallocr.o)
 .debug_frame   0x00001178       0x2c c:/program files (x86)/atollic/truestudio for stm32 9.1.1/armtools/bin/../lib/gcc/arm-atollic-eabi/6.3.1/../../../../arm-atollic-eabi/lib/armv7e-m/fpu\libc_nano.a(lib_a-sbrkr.o)
 .debug_frame   0x000011a4       0xcc c:/program files (x86)/atollic/truestudio for stm32 9.1.1/armtools/bin/../lib/gcc/arm-atollic-eabi/6.3.1/../../../../arm-atollic-eabi/lib/armv7e-m/fpu\libc_nano.a(lib_a-signal.o)
 .debug_frame   0x00001270       0x3c c:/program files (x86)/atollic/truestudio for stm32 9.1.1/armtools/bin/../lib/gcc/arm-atollic-eabi/6.3.1/../../../../arm-atollic-eabi/lib/armv7e-m/fpu\libc_nano.a(lib_a-signalr.o)
 .debug_frame   0x000012ac       0x20 c:/program files (x86)/atollic/truestudio for stm32 9.1.1/armtools/bin/../lib/gcc/arm-atollic-eabi/6.3.1/../../../../arm-atollic-eabi/lib/armv7e-m/fpu\libc_nano.a(lib_a-strcmp.o)
 .debug_frame   0x000012cc       0x30 c:/program files (x86)/atollic/truestudio for stm32 9.1.1/armtools/bin/../lib/gcc/arm-atollic-eabi/6.3.1/../../../../arm-atollic-eabi/lib/armv7e-m/fpu\libc_nano.a(lib_a-mlock.o)
 .debug_frame   0x000012fc       0x5c c:/program files (x86)/atollic/truestudio for stm32 9.1.1/armtools/bin/../lib/gcc/arm-atollic-eabi/6.3.1/../../../../arm-atollic-eabi/lib/armv7e-m/fpu\libc_nano.a(lib_a-reent.o)
 .debug_frame   0x00001358       0x2c c:/program files (x86)/atollic/truestudio for stm32 9.1.1/armtools/bin/../lib/gcc/arm-atollic-eabi/6.3.1/armv7e-m/fpu\libgcc.a(_aeabi_uldivmod.o)
 .debug_frame   0x00001384       0x34 c:/program files (x86)/atollic/truestudio for stm32 9.1.1/armtools/bin/../lib/gcc/arm-atollic-eabi/6.3.1/armv7e-m/fpu\libgcc.a(_udivmoddi4.o)
 .debug_frame   0x000013b8      0x2f4 c:/program files (x86)/atollic/truestudio for stm32 9.1.1/armtools/bin/../lib/gcc/arm-atollic-eabi/6.3.1/armv7e-m/fpu\libgcc.a(unwind-arm.o)
 .debug_frame   0x000016ac      0x104 c:/program files (x86)/atollic/truestudio for stm32 9.1.1/armtools/bin/../lib/gcc/arm-atollic-eabi/6.3.1/armv7e-m/fpu\libgcc.a(pr-support.o)
 .debug_frame   0x000017b0       0x28 c:/program files (x86)/atollic/truestudio for stm32 9.1.1/armtools/bin/../lib/gcc/arm-atollic-eabi/6.3.1/../../../../arm-atollic-eabi/lib/armv7e-m/fpu\libc_nano.a(lib_a-memcpy-stub.o)
 .debug_frame   0x000017d8       0x20 c:/program files (x86)/atollic/truestudio for stm32 9.1.1/armtools/bin/../lib/gcc/arm-atollic-eabi/6.3.1/../../../../arm-atollic-eabi/lib/armv7e-m/fpu\libnosys.a(getpid.o)
 .debug_frame   0x000017f8       0x20 c:/program files (x86)/atollic/truestudio for stm32 9.1.1/armtools/bin/../lib/gcc/arm-atollic-eabi/6.3.1/../../../../arm-atollic-eabi/lib/armv7e-m/fpu\libnosys.a(kill.o)
 .debug_frame   0x00001818       0x20 c:/program files (x86)/atollic/truestudio for stm32 9.1.1/armtools/bin/../lib/gcc/arm-atollic-eabi/6.3.1/../../../../arm-atollic-eabi/lib/armv7e-m/fpu\libnosys.a(sbrk.o)
 .debug_frame   0x00001838       0x20 c:/program files (x86)/atollic/truestudio for stm32 9.1.1/armtools/bin/../lib/gcc/arm-atollic-eabi/6.3.1/../../../../arm-atollic-eabi/lib/armv7e-m/fpu\libnosys.a(_exit.o)

.debug_loc      0x00000000     0x1234
 .debug_loc     0x00000000      0x11b Drivers\STM32F4xx_HAL_Driver\Src\stm32f4xx_hal.o
 .debug_loc     0x0000011b      0x4fb Drivers\STM32F4xx_HAL_Driver\Src\stm32f4xx_hal_cortex.o
 .debug_loc     0x00000616      0x2d9 Drivers\STM32F4xx_HAL_Driver\Src\stm32f4xx_hal_flash.o
 .debug_loc     0x000008ef      0x4f3 Drivers\STM32F4xx_HAL_Driver\Src\stm32f4xx_hal_flash_ex.o
 .debug_loc     0x00000de2      0x336 Drivers\STM32F4xx_HAL_Driver\Src\stm32f4xx_hal_rcc.o
 .debug_loc     0x00001118      0x11c Src\system_stm32f4xx.o

.stab           0x00000000       0x3c
 .stab          0x00000000       0x24 c:/program files (x86)/atollic/truestudio for stm32 9.1.1/armtools/bin/../lib/gcc/arm-atollic-eabi/6.3.1/../../../../arm-atollic-eabi/lib/armv7e-m/fpu\libnosys.a(getpid.o)
 .stab          0x00000024       0x18 c:/program files (x86)/atollic/truestudio for stm32 9.1.1/armtools/bin/../lib/gcc/arm-atollic-eabi/6.3.1/../../../../arm-atollic-eabi/lib/armv7e-m/fpu\libnosys.a(kill.o)
                                 0x24 (size before relaxing)

.stabstr        0x00000000       0x76
 .stabstr       0x00000000       0x76 c:/program files (x86)/atollic/truestudio for stm32 9.1.1/armtools/bin/../lib/gcc/arm-atollic-eabi/6.3.1/../../../../arm-atollic-eabi/lib/armv7e-m/fpu\libnosys.a(getpid.o)

Cross Reference Table

Symbol                                            File
ADC_IRQHandler                                    startup\startup_stm32f401xe.o
AHBPrescTable                                     Src\system_stm32f4xx.o
                                                  Drivers\STM32F4xx_HAL_Driver\Src\stm32f4xx_hal_rcc.o
APBPrescTable                                     Src\system_stm32f4xx.o
                                                  Drivers\STM32F4xx_HAL_Driver\Src\stm32f4xx_hal_rcc.o
BusFault_Handler                                  Src\stm32f4xx_it.o
DMA1_Stream0_IRQHandler                           startup\startup_stm32f401xe.o
DMA1_Stream1_IRQHandler                           startup\startup_stm32f401xe.o
DMA1_Stream2_IRQHandler                           startup\startup_stm32f401xe.o
DMA1_Stream3_IRQHandler                           startup\startup_stm32f401xe.o
DMA1_Stream4_IRQHandler                           startup\startup_stm32f401xe.o
DMA1_Stream5_IRQHandler                           startup\startup_stm32f401xe.o
DMA1_Stream6_IRQHandler                           startup\startup_stm32f401xe.o
DMA1_Stream7_IRQHandler                           startup\startup_stm32f401xe.o
DMA2_Stream0_IRQHandler                           startup\startup_stm32f401xe.o
DMA2_Stream1_IRQHandler                           startup\startup_stm32f401xe.o
DMA2_Stream2_IRQHandler                           startup\startup_stm32f401xe.o
DMA2_Stream3_IRQHandler                           startup\startup_stm32f401xe.o
DMA2_Stream4_IRQHandler                           startup\startup_stm32f401xe.o
DMA2_Stream5_IRQHandler                           startup\startup_stm32f401xe.o
DMA2_Stream6_IRQHandler                           startup\startup_stm32f401xe.o
DMA2_Stream7_IRQHandler                           startup\startup_stm32f401xe.o
DebugMon_Handler                                  Src\stm32f4xx_it.o
Default_Handler                                   startup\startup_stm32f401xe.o
EXTI0_IRQHandler                                  startup\startup_stm32f401xe.o
EXTI15_10_IRQHandler                              startup\startup_stm32f401xe.o
EXTI1_IRQHandler                                  startup\startup_stm32f401xe.o
EXTI2_IRQHandler                                  startup\startup_stm32f401xe.o
EXTI3_IRQHandler                                  startup\startup_stm32f401xe.o
EXTI4_IRQHandler                                  startup\startup_stm32f401xe.o
EXTI9_5_IRQHandler                                startup\startup_stm32f401xe.o
Error_Handler()                                   Src\main.o
FLASH_Erase_Sector                                Drivers\STM32F4xx_HAL_Driver\Src\stm32f4xx_hal_flash_ex.o
                                                  Drivers\STM32F4xx_HAL_Driver\Src\stm32f4xx_hal_flash.o
FLASH_FlushCaches                                 Drivers\STM32F4xx_HAL_Driver\Src\stm32f4xx_hal_flash_ex.o
                                                  Drivers\STM32F4xx_HAL_Driver\Src\stm32f4xx_hal_flash.o
FLASH_IRQHandler                                  startup\startup_stm32f401xe.o
FLASH_WaitForLastOperation                        Drivers\STM32F4xx_HAL_Driver\Src\stm32f4xx_hal_flash.o
                                                  Drivers\STM32F4xx_HAL_Driver\Src\stm32f4xx_hal_flash_ex.o
FPU_IRQHandler                                    startup\startup_stm32f401xe.o
HAL_DBGMCU_DisableDBGSleepMode                    Drivers\STM32F4xx_HAL_Driver\Src\stm32f4xx_hal.o
HAL_DBGMCU_DisableDBGStandbyMode                  Drivers\STM32F4xx_HAL_Driver\Src\stm32f4xx_hal.o
HAL_DBGMCU_DisableDBGStopMode                     Drivers\STM32F4xx_HAL_Driver\Src\stm32f4xx_hal.o
HAL_DBGMCU_EnableDBGSleepMode                     Drivers\STM32F4xx_HAL_Driver\Src\stm32f4xx_hal.o
HAL_DBGMCU_EnableDBGStandbyMode                   Drivers\STM32F4xx_HAL_Driver\Src\stm32f4xx_hal.o
HAL_DBGMCU_EnableDBGStopMode                      Drivers\STM32F4xx_HAL_Driver\Src\stm32f4xx_hal.o
HAL_DMAEx_ChangeMemory                            Drivers\STM32F4xx_HAL_Driver\Src\stm32f4xx_hal_dma_ex.o
HAL_DMAEx_MultiBufferStart                        Drivers\STM32F4xx_HAL_Driver\Src\stm32f4xx_hal_dma_ex.o
HAL_DMAEx_MultiBufferStart_IT                     Drivers\STM32F4xx_HAL_Driver\Src\stm32f4xx_hal_dma_ex.o
HAL_DMA_Abort                                     Drivers\STM32F4xx_HAL_Driver\Src\stm32f4xx_hal_dma.o
HAL_DMA_Abort_IT                                  Drivers\STM32F4xx_HAL_Driver\Src\stm32f4xx_hal_dma.o
HAL_DMA_DeInit                                    Drivers\STM32F4xx_HAL_Driver\Src\stm32f4xx_hal_dma.o
HAL_DMA_GetError                                  Drivers\STM32F4xx_HAL_Driver\Src\stm32f4xx_hal_dma.o
HAL_DMA_GetState                                  Drivers\STM32F4xx_HAL_Driver\Src\stm32f4xx_hal_dma.o
HAL_DMA_IRQHandler                                Drivers\STM32F4xx_HAL_Driver\Src\stm32f4xx_hal_dma.o
HAL_DMA_Init                                      Drivers\STM32F4xx_HAL_Driver\Src\stm32f4xx_hal_dma.o
HAL_DMA_PollForTransfer                           Drivers\STM32F4xx_HAL_Driver\Src\stm32f4xx_hal_dma.o
HAL_DMA_RegisterCallback                          Drivers\STM32F4xx_HAL_Driver\Src\stm32f4xx_hal_dma.o
HAL_DMA_Start                                     Drivers\STM32F4xx_HAL_Driver\Src\stm32f4xx_hal_dma.o
HAL_DMA_Start_IT                                  Drivers\STM32F4xx_HAL_Driver\Src\stm32f4xx_hal_dma.o
HAL_DMA_UnRegisterCallback                        Drivers\STM32F4xx_HAL_Driver\Src\stm32f4xx_hal_dma.o
HAL_DeInit                                        Drivers\STM32F4xx_HAL_Driver\Src\stm32f4xx_hal.o
HAL_Delay                                         Drivers\STM32F4xx_HAL_Driver\Src\stm32f4xx_hal.o
HAL_DisableCompensationCell                       Drivers\STM32F4xx_HAL_Driver\Src\stm32f4xx_hal.o
HAL_EnableCompensationCell                        Drivers\STM32F4xx_HAL_Driver\Src\stm32f4xx_hal.o
HAL_FLASHEx_AdvOBGetConfig                        Drivers\STM32F4xx_HAL_Driver\Src\stm32f4xx_hal_flash_ex.o
HAL_FLASHEx_AdvOBProgram                          Drivers\STM32F4xx_HAL_Driver\Src\stm32f4xx_hal_flash_ex.o
HAL_FLASHEx_Erase                                 Drivers\STM32F4xx_HAL_Driver\Src\stm32f4xx_hal_flash_ex.o
                                                  ClassObjects\MAteeqEmulatedEEPROM.o